Component: ARM Compiler 5.06 update 7 (build 960) Tool: armlink [4d3601]

==============================================================================

Section Cross References

    stm32f1xx_it.o(i.RTC_Alarm_IRQHandler) refers to stm32f1xx_hal_rtc.o(i.HAL_RTC_AlarmIRQHandler) for HAL_RTC_AlarmIRQHandler
    stm32f1xx_it.o(i.RTC_Alarm_IRQHandler) refers to main.o(.bss) for hrtc
    stm32f1xx_it.o(i.SysTick_Handler) refers to stm32f1xx_hal.o(i.HAL_IncTick) for HAL_IncTick
    stm32f1xx_it.o(i.SysTick_Handler) refers to stm32f1xx_hal_cortex.o(i.HAL_SYSTICK_IRQHandler) for HAL_SYSTICK_IRQHandler
    stm32f1xx_it.o(i.TIM3_IRQHandler) refers to stm32f1xx_hal_tim.o(i.HAL_TIM_IRQHandler) for HAL_TIM_IRQHandler
    stm32f1xx_it.o(i.TIM3_IRQHandler) refers to main.o(.bss) for htim3
    stm32f1xx_it.o(i.USART1_IRQHandler) refers to stm32f1xx_hal_uart.o(i.HAL_UART_IRQHandler) for HAL_UART_IRQHandler
    stm32f1xx_it.o(i.USART1_IRQHandler) refers to main.o(.bss) for huart1
    stm32f1xx_it.o(i.USART2_IRQHandler) refers to stm32f1xx_hal_uart.o(i.HAL_UART_IRQHandler) for HAL_UART_IRQHandler
    stm32f1xx_it.o(i.USART2_IRQHandler) refers to main.o(.bss) for huart2
    stm32f1xx_it.o(i.USART3_IRQHandler) refers to stm32f1xx_hal_uart.o(i.HAL_UART_IRQHandler) for HAL_UART_IRQHandler
    stm32f1xx_it.o(i.USART3_IRQHandler) refers to main.o(.bss) for huart3
    main.o(i.BME280_READ_DATA) refers to bme280.o(i.bme280_get_sensor_data) for bme280_get_sensor_data
    main.o(i.BME280_SETTING) refers to bme280.o(i.bme280_set_sensor_settings) for bme280_set_sensor_settings
    main.o(i.BME280_SETTING) refers to bme280.o(i.bme280_set_sensor_mode) for bme280_set_sensor_mode
    main.o(i.BME280_UINIT) refers to bme280.o(i.bme280_init) for bme280_init
    main.o(i.BME280_UINIT) refers to main.o(i.USER_READ) for USER_READ
    main.o(i.BME280_UINIT) refers to main.o(i.USER_WRITE) for USER_WRITE
    main.o(i.BME280_UINIT) refers to main.o(i.USER_DELAY) for USER_DELAY
    main.o(i.DISPLAY_STATUS) refers to printf3.o(i.__0sprintf$3) for __2sprintf
    main.o(i.DISPLAY_STATUS) refers to main.o(i.LCD_CMD) for LCD_CMD
    main.o(i.DISPLAY_STATUS) refers to main.o(.data) for .data
    main.o(i.DISPLAY_TIME) refers to stm32f1xx_hal_rtc.o(i.HAL_RTC_GetTime) for HAL_RTC_GetTime
    main.o(i.DISPLAY_TIME) refers to stm32f1xx_hal_rtc.o(i.HAL_RTC_GetDate) for HAL_RTC_GetDate
    main.o(i.DISPLAY_TIME) refers to main.o(i.BcdToDec) for BcdToDec
    main.o(i.DISPLAY_TIME) refers to printf3.o(i.__0sprintf$3) for __2sprintf
    main.o(i.DISPLAY_TIME) refers to main.o(i.LCD_CMD) for LCD_CMD
    main.o(i.DISPLAY_TIME) refers to main.o(.bss) for .bss
    main.o(i.DISPLAY_TIME) refers to main.o(.data) for .data
    main.o(i.ESP_RESET) refers to stm32f1xx_hal_gpio.o(i.HAL_GPIO_WritePin) for HAL_GPIO_WritePin
    main.o(i.ESP_RESET) refers to stm32f1xx_hal.o(i.HAL_Delay) for HAL_Delay
    main.o(i.FLAG_UPDATE_STATUS) refers to main.o(.bss) for .bss
    main.o(i.FLAG_UPDATE_STATUS) refers to main.o(.data) for .data
    main.o(i.GET_UPDATE_DATA) refers to main.o(i.PARSE_DATA) for PARSE_DATA
    main.o(i.GET_UPDATE_DATA) refers to ffltui.o(.text) for __aeabi_ui2f
    main.o(i.GET_UPDATE_DATA) refers to main.o(i.getAqi) for getAqi
    main.o(i.GET_UPDATE_DATA) refers to main.o(i.USER_MAX) for USER_MAX
    main.o(i.HAL_TIM_PeriodElapsedCallback) refers to main.o(.bss) for .bss
    main.o(i.HAL_UART_RxCpltCallback) refers to memseta.o(.text) for __aeabi_memclr4
    main.o(i.HAL_UART_RxCpltCallback) refers to stm32f1xx_hal_gpio.o(i.HAL_GPIO_WritePin) for HAL_GPIO_WritePin
    main.o(i.HAL_UART_RxCpltCallback) refers to stm32f1xx_hal_uart.o(i.HAL_UART_Receive_IT) for HAL_UART_Receive_IT
    main.o(i.HAL_UART_RxCpltCallback) refers to main.o(.bss) for .bss
    main.o(i.HAL_UART_RxCpltCallback) refers to main.o(.data) for .data
    main.o(i.LCD_CMD) refers to memcpya.o(.text) for __aeabi_memcpy4
    main.o(i.LCD_CMD) refers to printf3.o(i.__0printf$3) for __2printf
    main.o(i.LCD_CMD) refers to main.o(.bss) for .bss
    main.o(i.LCD_UPDATE_DATA_PAGE) refers to printf3.o(i.__0sprintf$3) for __2sprintf
    main.o(i.LCD_UPDATE_DATA_PAGE) refers to main.o(i.LCD_CMD) for LCD_CMD
    main.o(i.LCD_UPDATE_DATA_PAGE) refers to main.o(i.USER_MAX) for USER_MAX
    main.o(i.LCD_UPDATE_DATA_PAGE) refers to main.o(i.USER_MIN) for USER_MIN
    main.o(i.LCD_UPDATE_DATA_PAGE) refers to main.o(.data) for .data
    main.o(i.MX_GPIO_Init) refers to stm32f1xx_hal_gpio.o(i.HAL_GPIO_WritePin) for HAL_GPIO_WritePin
    main.o(i.MX_GPIO_Init) refers to stm32f1xx_hal_gpio.o(i.HAL_GPIO_Init) for HAL_GPIO_Init
    main.o(i.MX_SPI1_Init) refers to stm32f1xx_hal_spi_ex.o(i.HAL_SPI_Init) for HAL_SPI_Init
    main.o(i.MX_SPI1_Init) refers to main.o(.bss) for .bss
    main.o(i.PARSE_DATA) refers to dflti.o(.text) for __aeabi_i2d
    main.o(i.PARSE_DATA) refers to pow.o(i.pow) for pow
    main.o(i.PARSE_DATA) refers to main.o(i.USER_ATOI) for USER_ATOI
[...]
    i.HAL_IncTick                            0x080012ec   Section        0  stm32f1xx_hal.o(i.HAL_IncTick)
    i.HAL_Init                               0x080012fc   Section        0  stm32f1xx_hal.o(i.HAL_Init)
    i.HAL_InitTick                           0x08001320   Section        0  stm32f1xx_hal.o(i.HAL_InitTick)
    i.HAL_MspInit                            0x08001344   Section        0  stm32f1xx_hal_msp.o(i.HAL_MspInit)
    i.HAL_NVIC_EnableIRQ                     0x080013b0   Section        0  stm32f1xx_hal_cortex.o(i.HAL_NVIC_EnableIRQ)
    i.HAL_NVIC_SetPriority                   0x080013c8   Section        0  stm32f1xx_hal_cortex.o(i.HAL_NVIC_SetPriority)
    i.HAL_NVIC_SetPriorityGrouping           0x08001408   Section        0  stm32f1xx_hal_cortex.o(i.HAL_NVIC_SetPriorityGrouping)
    i.HAL_PWR_EnableBkUpAccess               0x0800142c   Section        0  stm32f1xx_hal_pwr.o(i.HAL_PWR_EnableBkUpAccess)
    i.HAL_RCCEx_GetPeriphCLKFreq             0x08001444   Section        0  stm32f1xx_hal_rcc_ex.o(i.HAL_RCCEx_GetPeriphCLKFreq)
    i.HAL_RCCEx_PeriphCLKConfig              0x08001534   Section        0  stm32f1xx_hal_rcc_ex.o(i.HAL_RCCEx_PeriphCLKConfig)
    i.HAL_RCC_ClockConfig                    0x0800165c   Section        0  stm32f1xx_hal_rcc.o(i.HAL_RCC_ClockConfig)
    i.HAL_RCC_GetHCLKFreq                    0x080018e4   Section        0  stm32f1xx_hal_rcc.o(i.HAL_RCC_GetHCLKFreq)
    i.HAL_RCC_GetPCLK1Freq                   0x08001918   Section        0  stm32f1xx_hal_rcc.o(i.HAL_RCC_GetPCLK1Freq)
    i.HAL_RCC_GetPCLK2Freq                   0x08001944   Section        0  stm32f1xx_hal_rcc.o(i.HAL_RCC_GetPCLK2Freq)
    i.HAL_RCC_GetSysClockFreq                0x08001970   Section        0  stm32f1xx_hal_rcc.o(i.HAL_RCC_GetSysClockFreq)
    i.HAL_RCC_OscConfig                      0x080019f8   Section        0  stm32f1xx_hal_rcc.o(i.HAL_RCC_OscConfig)
    i.HAL_RTC_AlarmAEventCallback            0x0800202a   Section        0  stm32f1xx_hal_rtc.o(i.HAL_RTC_AlarmAEventCallback)
    i.HAL_RTC_AlarmIRQHandler                0x0800202c   Section        0  stm32f1xx_hal_rtc.o(i.HAL_RTC_AlarmIRQHandler)
    i.HAL_RTC_GetDate                        0x08002060   Section        0  stm32f1xx_hal_rtc.o(i.HAL_RTC_GetDate)
    i.HAL_RTC_GetTime                        0x080020ae   Section        0  stm32f1xx_hal_rtc.o(i.HAL_RTC_GetTime)
    i.HAL_RTC_Init                           0x08002188   Section        0  stm32f1xx_hal_rtc.o(i.HAL_RTC_Init)
    i.HAL_RTC_MspInit                        0x08002228   Section        0  stm32f1xx_hal_msp.o(i.HAL_RTC_MspInit)
    i.HAL_RTC_SetDate                        0x08002280   Section        0  stm32f1xx_hal_rtc.o(i.HAL_RTC_SetDate)
    i.HAL_RTC_SetTime                        0x08002344   Section        0  stm32f1xx_hal_rtc.o(i.HAL_RTC_SetTime)
    i.HAL_RTC_WaitForSynchro                 0x080023f0   Section        0  stm32f1xx_hal_rtc.o(i.HAL_RTC_WaitForSynchro)
    i.HAL_SPI_Init                           0x0800242c   Section        0  stm32f1xx_hal_spi_ex.o(i.HAL_SPI_Init)
    i.HAL_SPI_MspInit                        0x080024b4   Section        0  stm32f1xx_hal_msp.o(i.HAL_SPI_MspInit)
    i.HAL_SYSTICK_CLKSourceConfig            0x0800250c   Section        0  stm32f1xx_hal_cortex.o(i.HAL_SYSTICK_CLKSourceConfig)
    i.HAL_SYSTICK_Callback                   0x08002524   Section        0  stm32f1xx_hal_cortex.o(i.HAL_SYSTICK_Callback)
    i.HAL_SYSTICK_Config                     0x08002526   Section        0  stm32f1xx_hal_cortex.o(i.HAL_SYSTICK_Config)
    i.HAL_SYSTICK_IRQHandler                 0x0800254e   Section        0  stm32f1xx_hal_cortex.o(i.HAL_SYSTICK_IRQHandler)
    i.HAL_TIMEx_BreakCallback                0x08002556   Section        0  stm32f1xx_hal_tim_ex.o(i.HAL_TIMEx_BreakCallback)
    i.HAL_TIMEx_CommutationCallback          0x08002558   Section        0  stm32f1xx_hal_tim_ex.o(i.HAL_TIMEx_CommutationCallback)
    i.HAL_TIMEx_MasterConfigSynchronization  0x0800255a   Section        0  stm32f1xx_hal_tim_ex.o(i.HAL_TIMEx_MasterConfigSynchronization)
    i.HAL_TIM_Base_Init                      0x080025aa   Section        0  stm32f1xx_hal_tim.o(i.HAL_TIM_Base_Init)
    i.HAL_TIM_Base_MspInit                   0x080025e0   Section        0  stm32f1xx_hal_msp.o(i.HAL_TIM_Base_MspInit)
    i.HAL_TIM_Base_Start_IT                  0x0800261c   Section        0  stm32f1xx_hal_tim.o(i.HAL_TIM_Base_Start_IT)
    i.HAL_TIM_ConfigClockSource              0x08002634   Section        0  stm32f1xx_hal_tim.o(i.HAL_TIM_ConfigClockSource)
    i.HAL_TIM_IC_CaptureCallback             0x08002726   Section        0  stm32f1xx_hal_tim.o(i.HAL_TIM_IC_CaptureCallback)
    i.HAL_TIM_IRQHandler                     0x08002728   Section        0  stm32f1xx_hal_tim.o(i.HAL_TIM_IRQHandler)
    i.HAL_TIM_OC_DelayElapsedCallback        0x0800288e   Section        0  stm32f1xx_hal_tim.o(i.HAL_TIM_OC_DelayElapsedCallback)
    i.HAL_TIM_PWM_PulseFinishedCallback      0x08002890   Section        0  stm32f1xx_hal_tim.o(i.HAL_TIM_PWM_PulseFinishedCallback)
    i.HAL_TIM_PeriodElapsedCallback          0x08002894   Section        0  main.o(i.HAL_TIM_PeriodElapsedCallback)
    i.HAL_TIM_TriggerCallback                0x080028d0   Section        0  stm32f1xx_hal_tim.o(i.HAL_TIM_TriggerCallback)
    i.HAL_UART_ErrorCallback                 0x080028d2   Section        0  stm32f1xx_hal_uart.o(i.HAL_UART_ErrorCallback)
    i.HAL_UART_IRQHandler                    0x080028d4   Section        0  stm32f1xx_hal_uart.o(i.HAL_UART_IRQHandler)
    i.HAL_UART_Init                          0x080029ae   Section        0  stm32f1xx_hal_uart.o(i.HAL_UART_Init)
    i.HAL_UART_MspInit                       0x08002a0c   Section        0  stm32f1xx_hal_msp.o(i.HAL_UART_MspInit)
    i.HAL_UART_Receive_IT                    0x08002b08   Section        0  stm32f1xx_hal_uart.o(i.HAL_UART_Receive_IT)
    i.HAL_UART_RxCpltCallback                0x08002b74   Section        0  main.o(i.HAL_UART_RxCpltCallback)
    i.HAL_UART_Transmit                      0x08002e10   Section        0  stm32f1xx_hal_uart.o(i.HAL_UART_Transmit)
    i.HAL_UART_TxCpltCallback                0x08002edc   Section        0  stm32f1xx_hal_uart.o(i.HAL_UART_TxCpltCallback)
    i.HardFault_Handler                      0x08002ede   Section        0  stm32f1xx_it.o(i.HardFault_Handler)
    i.I2C_IsAcknowledgeFailed                0x08002ee0   Section        0  stm32f1xx_hal_i2c.o(i.I2C_IsAcknowledgeFailed)
    I2C_IsAcknowledgeFailed                  0x08002ee1   Thumb Code    42  stm32f1xx_hal_i2c.o(i.I2C_IsAcknowledgeFailed)
    i.I2C_RequestMemoryRead                  0x08002f0a   Section        0  stm32f1xx_hal_i2c.o(i.I2C_RequestMemoryRead)
    I2C_RequestMemoryRead                    0x08002f0b   Thumb Code   226  stm32f1xx_hal_i2c.o(i.I2C_RequestMemoryRead)
    i.I2C_RequestMemoryWrite                 0x08002fec   Section        0  stm32f1xx_hal_i2c.o(i.I2C_RequestMemoryWrite)
    I2C_RequestMemoryWrite                   0x08002fed   Thumb Code   146  stm32f1xx_hal_i2c.o(i.I2C_RequestMemoryWrite)
    i.I2C_WaitOnFlagUntilTimeout             0x08003084   Section        0  stm32f1xx_hal_i2c.o(i.I2C_WaitOnFlagUntilTimeout)
    I2C_WaitOnFlagUntilTimeout               0x08003085   Thumb Code   138  stm32f1xx_hal_i2c.o(i.I2C_WaitOnFlagUntilTimeout)
    i.I2C_WaitOnMasterAddressFlagUntilTimeout 0x0800310e   Section        0  stm32f1xx_hal_i2c.o(i.I2C_WaitOnMasterAddressFlagUntilTimeout)
    I2C_WaitOnMasterAddressFlagUntilTimeout  0x0800310f   Thumb Code   136  stm32f1xx_hal_i2c.o(i.I2C_WaitOnMasterAddressFlagUntilTimeout)
    i.I2C_WaitOnRXNEFlagUntilTimeout         0x08003196   Section        0  stm32f1xx_hal_i2c.o(i.I2C_WaitOnRXNEFlagUntilTimeout)
    I2C_WaitOnRXNEFlagUntilTimeout           0x08003197   Thumb Code   102  stm32f1xx_hal_i2c.o(i.I2C_WaitOnRXNEFlagUntilTimeout)
    i.I2C_WaitOnTXEFlagUntilTimeout          0x080031fc   Section        0  stm32f1xx_hal_i2c.o(i.I2C_WaitOnTXEFlagUntilTimeout)
    I2C_WaitOnTXEFlagUntilTimeout            0x080031fd   Thumb Code    80  stm32f1xx_hal_i2c.o(i.I2C_WaitOnTXEFlagUntilTimeout)
    i.LCD_CMD                                0x0800324c   Section        0  main.o(i.LCD_CMD)
    i.LCD_UPDATE_DATA_PAGE                   0x08003298   Section        0  main.o(i.LCD_UPDATE_DATA_PAGE)
    i.MX_GPIO_Init                           0x080033e4   Section        0  main.o(i.MX_GPIO_Init)
    MX_GPIO_Init                             0x080033e5   Thumb Code   168  main.o(i.MX_GPIO_Init)
    i.MX_SPI1_Init                           0x08003498   Section        0  main.o(i.MX_SPI1_Init)
    MX_SPI1_Init                             0x08003499   Thumb Code    44  main.o(i.MX_SPI1_Init)
    i.MemManage_Handler                      0x080034cc   Section        0  stm32f1xx_it.o(i.MemManage_Handler)
    i.NMI_Handler                            0x080034ce   Section        0  stm32f1xx_it.o(i.NMI_Handler)
    i.NVIC_SetPriority                       0x080034d0   Section        0  stm32f1xx_hal_cortex.o(i.NVIC_SetPriority)
    NVIC_SetPriority                         0x080034d1   Thumb Code    32  stm32f1xx_hal_cortex.o(i.NVIC_SetPriority)
    i.PARSE_DATA                             0x080034f0   Section        0  main.o(i.PARSE_DATA)
    i.PARSE_TIME                             0x08003594   Section        0  main.o(i.PARSE_TIME)
    i.READ_SENSORS                           0x080035b6   Section        0  main.o(i.READ_SENSORS)
    i.REQUEST_ESP_STATUS                     0x080035e0   Section        0  main.o(i.REQUEST_ESP_STATUS)
    i.REQUEST_TIME_NTP                       0x08003644   Section        0  main.o(i.REQUEST_TIME_NTP)
    i.REQUEST_UPDATE_DATA                    0x080036ac   Section        0  main.o(i.REQUEST_UPDATE_DATA)
    i.RTC_Alarm_IRQHandler                   0x08003724   Section        0  stm32f1xx_it.o(i.RTC_Alarm_IRQHandler)
    i.RTC_Bcd2ToByte                         0x08003730   Section        0  stm32f1xx_hal_rtc.o(i.RTC_Bcd2ToByte)
    RTC_Bcd2ToByte                           0x08003731   Thumb Code    18  stm32f1xx_hal_rtc.o(i.RTC_Bcd2ToByte)
    i.RTC_ByteToBcd2                         0x08003742   Section        0  stm32f1xx_hal_rtc.o(i.RTC_ByteToBcd2)
    RTC_ByteToBcd2                           0x08003743   Thumb Code    22  stm32f1xx_hal_rtc.o(i.RTC_ByteToBcd2)
    i.RTC_DateUpdate                         0x08003758   Section        0  stm32f1xx_hal_rtc.o(i.RTC_DateUpdate)
    RTC_DateUpdate                           0x08003759   Thumb Code   174  stm32f1xx_hal_rtc.o(i.RTC_DateUpdate)
    i.RTC_EnterInitMode                      0x08003806   Section        0  stm32f1xx_hal_rtc.o(i.RTC_EnterInitMode)
    RTC_EnterInitMode                        0x08003807   Thumb Code    52  stm32f1xx_hal_rtc.o(i.RTC_EnterInitMode)
    i.RTC_ExitInitMode                       0x0800383c   Section        0  stm32f1xx_hal_rtc.o(i.RTC_ExitInitMode)
    RTC_ExitInitMode                         0x0800383d   Thumb Code    54  stm32f1xx_hal_rtc.o(i.RTC_ExitInitMode)
    i.RTC_ReadAlarmCounter                   0x08003872   Section        0  stm32f1xx_hal_rtc.o(i.RTC_ReadAlarmCounter)
    RTC_ReadAlarmCounter                     0x08003873   Thumb Code    14  stm32f1xx_hal_rtc.o(i.RTC_ReadAlarmCounter)
    i.RTC_ReadTimeCounter                    0x08003880   Section        0  stm32f1xx_hal_rtc.o(i.RTC_ReadTimeCounter)
    RTC_ReadTimeCounter                      0x08003881   Thumb Code    32  stm32f1xx_hal_rtc.o(i.RTC_ReadTimeCounter)
    i.RTC_WeekDayNum                         0x080038a0   Section        0  stm32f1xx_hal_rtc.o(i.RTC_WeekDayNum)
    RTC_WeekDayNum                           0x080038a1   Thumb Code    86  stm32f1xx_hal_rtc.o(i.RTC_WeekDayNum)
    i.RTC_WriteAlarmCounter                  0x080038f6   Section        0  stm32f1xx_hal_rtc.o(i.RTC_WriteAlarmCounter)
    RTC_WriteAlarmCounter                    0x080038f7   Thumb Code    40  stm32f1xx_hal_rtc.o(i.RTC_WriteAlarmCounter)
    i.RTC_WriteTimeCounter                   0x0800391e   Section        0  stm32f1xx_hal_rtc.o(i.RTC_WriteTimeCounter)
    RTC_WriteTimeCounter                     0x0800391f   Thumb Code    40  stm32f1xx_hal_rtc.o(i.RTC_WriteTimeCounter)
    i.SDS011_USER_READ                       0x08003948   Section        0  main.o(i.SDS011_USER_READ)
    i.SEND_COMMAND_AUTO                      0x080039b0   Section        0  main.o(i.SEND_COMMAND_AUTO)
    i.SEND_COMMAND_MANUAL                    0x08003a10   Section        0  main.o(i.SEND_COMMAND_MANUAL)
    i.SEND_DATA_THINGSPEAK                   0x08003a68   Section        0  main.o(i.SEND_DATA_THINGSPEAK)
    i.SET_DATE_TIME_FROM_NTP                 0x08003b34   Section        0  main.o(i.SET_DATE_TIME_FROM_NTP)
    i.SysTick_Handler                        0x08003c38   Section        0  stm32f1xx_it.o(i.SysTick_Handler)
    i.SystemClock_Config                     0x08003c46   Section        0  main.o(i.SystemClock_Config)
    i.SystemInit                             0x08003cb0   Section        0  system_stm32f1xx.o(i.SystemInit)
    i.TIM3_IRQHandler                        0x08003cf8   Section        0  stm32f1xx_it.o(i.TIM3_IRQHandler)
    i.TIM_Base_SetConfig                     0x08003d04   Section        0  stm32f1xx_hal_tim.o(i.TIM_Base_SetConfig)
    i.TIM_ETR_SetConfig                      0x08003d68   Section        0  stm32f1xx_hal_tim.o(i.TIM_ETR_SetConfig)
    TIM_ETR_SetConfig                        0x08003d69   Thumb Code    20  stm32f1xx_hal_tim.o(i.TIM_ETR_SetConfig)
    i.TIM_ITRx_SetConfig                     0x08003d7c   Section        0  stm32f1xx_hal_tim.o(i.TIM_ITRx_SetConfig)
    TIM_ITRx_SetConfig                       0x08003d7d   Thumb Code    16  stm32f1xx_hal_tim.o(i.TIM_ITRx_SetConfig)
    i.TIM_TI1_ConfigInputStage               0x08003d8c   Section        0  stm32f1xx_hal_tim.o(i.TIM_TI1_ConfigInputStage)
    TIM_TI1_ConfigInputStage                 0x08003d8d   Thumb Code    34  stm32f1xx_hal_tim.o(i.TIM_TI1_ConfigInputStage)
    i.TIM_TI2_ConfigInputStage               0x08003dae   Section        0  stm32f1xx_hal_tim.o(i.TIM_TI2_ConfigInputStage)
    TIM_TI2_ConfigInputStage                 0x08003daf   Thumb Code    36  stm32f1xx_hal_tim.o(i.TIM_TI2_ConfigInputStage)
    i.UART_Receive_IT                        0x08003dd4   Section        0  stm32f1xx_hal_uart.o(i.UART_Receive_IT)
    UART_Receive_IT                          0x08003dd5   Thumb Code   168  stm32f1xx_hal_uart.o(i.UART_Receive_IT)
    i.UART_SetConfig                         0x08003e7c   Section        0  stm32f1xx_hal_uart.o(i.UART_SetConfig)
    UART_SetConfig                           0x08003e7d   Thumb Code   220  stm32f1xx_hal_uart.o(i.UART_SetConfig)
    i.UART_Transmit_IT                       0x08003f5c   Section        0  stm32f1xx_hal_uart.o(i.UART_Transmit_IT)
    UART_Transmit_IT                         0x08003f5d   Thumb Code   102  stm32f1xx_hal_uart.o(i.UART_Transmit_IT)
    i.UART_WaitOnFlagUntilTimeout            0x08003fc2   Section        0  stm32f1xx_hal_uart.o(i.UART_WaitOnFlagUntilTimeout)
    UART_WaitOnFlagUntilTimeout              0x08003fc3   Thumb Code   146  stm32f1xx_hal_uart.o(i.UART_WaitOnFlagUntilTimeout)
    i.USART1_IRQHandler                      0x08004054   Section        0  stm32f1xx_it.o(i.USART1_IRQHandler)
    i.USART2_IRQHandler                      0x08004060   Section        0  stm32f1xx_it.o(i.USART2_IRQHandler)
    i.USART3_IRQHandler                      0x0800406c   Section        0  stm32f1xx_it.o(i.USART3_IRQHandler)
    i.USER_ATOI                              0x08004078   Section        0  main.o(i.USER_ATOI)
    i.USER_DELAY                             0x08004086   Section        0  main.o(i.USER_DELAY)
    i.USER_MAX                               0x0800408a   Section        0  main.o(i.USER_MAX)
    i.USER_MIN                               0x08004092   Section        0  main.o(i.USER_MIN)
    i.USER_READ                              0x0800409c   Section        0  main.o(i.USER_READ)
    i.USER_ROUND                             0x080040c4   Section        0  main.o(i.USER_ROUND)
    i.USER_WRITE                             0x080040f0   Section        0  main.o(i.USER_WRITE)
    i.UsageFault_Handler                     0x08004118   Section        0  stm32f1xx_it.o(i.UsageFault_Handler)
    i.WRITE_CONFIG                           0x0800411c   Section        0  main.o(i.WRITE_CONFIG)
    i.__0printf$3                            0x08004188   Section        0  printf3.o(i.__0printf$3)
    i.__0sprintf$3                           0x080041a8   Section        0  printf3.o(i.__0sprintf$3)
    i.__ARM_fpclassify                       0x080041d0   Section        0  fpclassify.o(i.__ARM_fpclassify)
    i.__kernel_poly                          0x080041f8   Section        0  poly.o(i.__kernel_poly)
    i.__mathlib_dbl_divzero                  0x080042a4   Section        0  dunder.o(i.__mathlib_dbl_divzero)
    i.__mathlib_dbl_infnan2                  0x080042b4   Section        0  dunder.o(i.__mathlib_dbl_infnan2)
    i.__mathlib_dbl_invalid                  0x080042b8   Section        0  dunder.o(i.__mathlib_dbl_invalid)
    i.__mathlib_dbl_overflow                 0x080042c4   Section        0  dunder.o(i.__mathlib_dbl_overflow)
    i.__mathlib_dbl_underflow                0x080042d4   Section        0  dunder.o(i.__mathlib_dbl_underflow)
    i.__scatterload_copy                     0x080042e4   Section       14  handlers.o(i.__scatterload_copy)
    i.__scatterload_null                     0x080042f2   Section        2  handlers.o(i.__scatterload_null)
    i.__scatterload_zeroinit                 0x080042f4   Section       14  handlers.o(i.__scatterload_zeroinit)
    i.__set_errno                            0x08004304   Section        0  errno.o(i.__set_errno)
    i._printf_core                           0x08004310   Section        0  printf3.o(i._printf_core)
    _printf_core                             0x08004311   Thumb Code   436  printf3.o(i._printf_core)
    i._sputc                                 0x080044c8   Section        0  printf3.o(i._sputc)
    _sputc                                   0x080044c9   Thumb Code    10  printf3.o(i._sputc)
    i.are_settings_changed                   0x080044d2   Section        0  bme280.o(i.are_settings_changed)
    are_settings_changed                     0x080044d3   Thumb Code    12  bme280.o(i.are_settings_changed)
    i.bme280_compensate_data                 0x080044de   Section        0  bme280.o(i.bme280_compensate_data)
    i.bme280_get_regs                        0x08004540   Section        0  bme280.o(i.bme280_get_regs)
    i.bme280_get_sensor_data                 0x08004578   Section        0  bme280.o(i.bme280_get_sensor_data)
    i.bme280_get_sensor_mode                 0x080045c8   Section        0  bme280.o(i.bme280_get_sensor_mode)
    i.bme280_init                            0x080045ee   Section        0  bme280.o(i.bme280_init)
    i.bme280_parse_sensor_data               0x08004644   Section        0  bme280.o(i.bme280_parse_sensor_data)
    i.bme280_set_regs                        0x08004676   Section        0  bme280.o(i.bme280_set_regs)
    i.bme280_set_sensor_mode                 0x0800470c   Section        0  bme280.o(i.bme280_set_sensor_mode)
    i.bme280_set_sensor_settings             0x08004766   Section        0  bme280.o(i.bme280_set_sensor_settings)
    i.bme280_soft_reset                      0x080047c8   Section        0  bme280.o(i.bme280_soft_reset)
    i.compensate_humidity                    0x0800482c   Section        0  bme280.o(i.compensate_humidity)
    compensate_humidity                      0x0800482d   Thumb Code   328  bme280.o(i.compensate_humidity)
    i.compensate_pressure                    0x08004980   Section        0  bme280.o(i.compensate_pressure)
    compensate_pressure                      0x08004981   Thumb Code   512  bme280.o(i.compensate_pressure)
    i.compensate_temperature                 0x08004b98   Section        0  bme280.o(i.compensate_temperature)
    compensate_temperature                   0x08004b99   Thumb Code   252  bme280.o(i.compensate_temperature)
    i.fputc                                  0x08004ca0   Section        0  main.o(i.fputc)
    i.getAqi                                 0x08004cb8   Section        0  main.o(i.getAqi)
    i.get_calib_data                         0x08004e7c   Section        0  bme280.o(i.get_calib_data)
    get_calib_data                           0x08004e7d   Thumb Code   190  bme280.o(i.get_calib_data)
    i.main                                   0x08004f3c   Section        0  main.o(i.main)
    i.null_ptr_check                         0x0800534c   Section        0  bme280.o(i.null_ptr_check)
    null_ptr_check                           0x0800534d   Thumb Code    24  bme280.o(i.null_ptr_check)
    i.parse_device_settings                  0x08005364   Section        0  bme280.o(i.parse_device_settings)
    parse_device_settings                    0x08005365   Thumb Code    38  bme280.o(i.parse_device_settings)
    i.pow                                    0x0800538c   Section        0  pow.o(i.pow)
    i.put_device_to_sleep                    0x08005d64   Section        0  bme280.o(i.put_device_to_sleep)
    put_device_to_sleep                      0x08005d65   Thumb Code    66  bme280.o(i.put_device_to_sleep)
    i.set_filter_standby_settings            0x08005da6   Section        0  bme280.o(i.set_filter_standby_settings)
    set_filter_standby_settings              0x08005da7   Thumb Code    78  bme280.o(i.set_filter_standby_settings)
    i.set_osr_settings                       0x08005df4   Section        0  bme280.o(i.set_osr_settings)
    set_osr_settings                         0x08005df5   Thumb Code   152  bme280.o(i.set_osr_settings)
    i.sqrt                                   0x08005e8c   Section        0  sqrt.o(i.sqrt)
    .constdata                               0x08005ed8   Section       16  stm32f1xx_hal_rcc.o(.constdata)
    .constdata                               0x08005ee8   Section      136  pow.o(.constdata)
    bp                                       0x08005ee8   Data          16  pow.o(.constdata)
    dp_h                                     0x08005ef8   Data          16  pow.o(.constdata)
    dp_l                                     0x08005f08   Data          16  pow.o(.constdata)
    L                                        0x08005f18   Data          48  pow.o(.constdata)
    P                                        0x08005f48   Data          40  pow.o(.constdata)
    .constdata                               0x08005f70   Section        8  qnan.o(.constdata)
    .conststring                             0x08005f78   Section      172  main.o(.conststring)
    .data                                    0x20000000   Section      192  main.o(.data)
    .data                                    0x200000c0   Section        4  system_stm32f1xx.o(.data)
    .data                                    0x200000c4   Section        4  stm32f1xx_hal.o(.data)
    uwTick                                   0x200000c4   Data           4  stm32f1xx_hal.o(.data)
    .data                                    0x200000c8   Section        1  stm32f1xx_hal_spi_ex.o(.data)
    .data                                    0x200000cc   Section        4  stdout.o(.data)
    .data                                    0x200000d0   Section        4  errno.o(.data)
    _errno                                   0x200000d0   Data           4  errno.o(.data)
    .bss                                     0x200000d8   Section     1582  main.o(.bss)
    STACK                                    0x20000708   Section     1024  startup_stm32f103xb.o(STACK)

    Global Symbols

    Symbol Name                              Value     Ov Type        Size  Object(Section)

    BuildAttributes$$THM_ISAv4$P$D$K$B$S$PE$A:L22UL41UL21$X:L11$S22US41US21$IEEE1$IW$USESV6$~STKCKD$USESV7$~SHL$OTIME$ROPI$IEEEX$EBA8$MICROLIB$REQ8$PRES8$EABIv2 0x00000000   Number         0  anon$$obj.o ABSOLUTE
    __ARM_use_no_argv                        0x00000000   Number         0  main.o ABSOLUTE
    _printf_a                                0x00000000   Number         0  stubs.o ABSOLUTE
    _printf_c                                0x00000000   Number         0  stubs.o ABSOLUTE
    _printf_charcount                        0x00000000   Number         0  stubs.o ABSOLUTE
    _printf_d                                0x00000000   Number         0  stubs.o ABSOLUTE
    _printf_e                                0x00000000   Number         0  stubs.o ABSOLUTE
    _printf_f                                0x00000000   Number         0  stubs.o ABSOLUTE
    _printf_flags                            0x00000000   Number         0  stubs.o ABSOLUTE
    _printf_fp_dec                           0x00000000   Number         0  stubs.o ABSOLUTE
    _printf_fp_hex                           0x00000000   Number         0  stubs.o ABSOLUTE
    _printf_g                                0x00000000   Number         0  stubs.o ABSOLUTE
    _printf_i                                0x00000000   Number         0  stubs.o ABSOLUTE
    _printf_int_dec                          0x00000000   Number         0  stubs.o ABSOLUTE
    _printf_l                                0x00000000   Number         0  stubs.o ABSOLUTE
    _printf_lc                               0x00000000   Number         0  stubs.o ABSOLUTE
    _printf_ll                               0x00000000   Number         0  stubs.o ABSOLUTE
    _printf_lld                              0x00000000   Number         0  stubs.o ABSOLUTE
    _printf_lli                              0x00000000   Number         0  stubs.o ABSOLUTE
    _printf_llo                              0x00000000   Number         0  stubs.o ABSOLUTE
    _printf_llu                              0x00000000   Number         0  stubs.o ABSOLUTE
    _printf_llx                              0x00000000   Number         0  stubs.o ABSOLUTE
    _printf_longlong_dec                     0x00000000   Number         0  stubs.o ABSOLUTE
    _printf_longlong_hex                     0x00000000   Number         0  stubs.o ABSOLUTE
    _printf_longlong_oct                     0x00000000   Number         0  stubs.o ABSOLUTE
    _printf_ls                               0x00000000   Number         0  stubs.o ABSOLUTE
    _printf_mbtowc                           0x00000000   Number         0  stubs.o ABSOLUTE
    _printf_n                                0x00000000   Number         0  stubs.o ABSOLUTE
    _printf_o                                0x00000000   Number         0  stubs.o ABSOLUTE
    _printf_p                                0x00000000   Number         0  stubs.o ABSOLUTE
    _printf_percent                          0x00000000   Number         0  stubs.o ABSOLUTE
    _printf_pre_padding                      0x00000000   Number         0  stubs.o ABSOLUTE
    _printf_return_value                     0x00000000   Number         0  stubs.o ABSOLUTE
    _printf_s                                0x00000000   Number         0  stubs.o ABSOLUTE
    _printf_sizespec                         0x00000000   Number         0  stubs.o ABSOLUTE
    _printf_str                              0x00000000   Number         0  stubs.o ABSOLUTE
    _printf_truncate_signed                  0x00000000   Number         0  stubs.o ABSOLUTE
    _printf_truncate_unsigned                0x00000000   Number         0  stubs.o ABSOLUTE
    _printf_u                                0x00000000   Number         0  stubs.o ABSOLUTE
    _printf_wc                               0x00000000   Number         0  stubs.o ABSOLUTE
    _printf_wctomb                           0x00000000   Number         0  stubs.o ABSOLUTE
    _printf_widthprec                        0x00000000   Number         0  stubs.o ABSOLUTE
    _printf_x                                0x00000000   Number         0  stubs.o ABSOLUTE
    __arm_fini_                               - Undefined Weak Reference
    __cpp_initialize__aeabi_                  - Undefined Weak Reference
    __cxa_finalize                            - Undefined Weak Reference
    __decompress                              - Undefined Weak Reference
    _clock_init                               - Undefined Weak Reference
    _microlib_exit                            - Undefined Weak Reference
    __Vectors_Size                           0x000000ec   Number         0  startup_stm32f103xb.o ABSOLUTE
    __Vectors                                0x08000000   Data           4  startup_stm32f103xb.o(RESET)
    __Vectors_End                            0x080000ec   Data           0  startup_stm32f103xb.o(RESET)
    __main                                   0x080000ed   Thumb Code     0  entry.o(.ARM.Collect$$$$00000000)
    _main_stk                                0x080000ed   Thumb Code     0  entry2.o(.ARM.Collect$$$$00000001)
    _main_scatterload                        0x080000f1   Thumb Code     0  entry5.o(.ARM.Collect$$$$00000004)
    __main_after_scatterload                 0x080000f5   Thumb Code     0  entry5.o(.ARM.Collect$$$$00000004)
    _main_clock                              0x080000f5   Thumb Code     0  entry7b.o(.ARM.Collect$$$$00000008)
    _main_cpp_init                           0x080000f5   Thumb Code     0  entry8b.o(.ARM.Collect$$$$0000000A)
    _main_init                               0x080000f5   Thumb Code     0  entry9a.o(.ARM.Collect$$$$0000000B)
    __rt_lib_shutdown_fini                   0x080000fd   Thumb Code     0  entry12b.o(.ARM.Collect$$$$0000000E)
    __rt_final_cpp                           0x08000101   Thumb Code     0  entry10a.o(.ARM.Collect$$$$0000000F)
    __rt_final_exit                          0x08000101   Thumb Code     0  entry11a.o(.ARM.Collect$$$$00000011)
    Reset_Handler                            0x08000105   Thumb Code     8  startup_stm32f103xb.o(.text)
    SVC_Handler                              0x08000117   Thumb Code     2  startup_stm32f103xb.o(.text)
    PendSV_Handler                           0x0800011b   Thumb Code     2  startup_stm32f103xb.o(.text)
    ADC1_2_IRQHandler                        0x0800011f   Thumb Code     0  startup_stm32f103xb.o(.text)
    CAN1_RX1_IRQHandler                      0x0800011f   Thumb Code     0  startup_stm32f103xb.o(.text)
    CAN1_SCE_IRQHandler                      0x0800011f   Thumb Code     0  startup_stm32f103xb.o(.text)
    DMA1_Channel1_IRQHandler                 0x0800011f   Thumb Code     0  startup_stm32f103xb.o(.text)
    DMA1_Channel2_IRQHandler                 0x0800011f   Thumb Code     0  startup_stm32f103xb.o(.text)
    DMA1_Channel3_IRQHandler                 0x0800011f   Thumb Code     0  startup_stm32f103xb.o(.text)
    DMA1_Channel4_IRQHandler                 0x0800011f   Thumb Code     0  startup_stm32f103xb.o(.text)
    DMA1_Channel5_IRQHandler                 0x0800011f   Thumb Code     0  startup_stm32f103xb.o(.text)
    DMA1_Channel6_IRQHandler                 0x0800011f   Thumb Code     0  startup_stm32f103xb.o(.text)
    DMA1_Channel7_IRQHandler                 0x0800011f   Thumb Code     0  startup_stm32f103xb.o(.text)
    EXTI0_IRQHandler                         0x0800011f   Thumb Code     0  startup_stm32f103xb.o(.text)
    EXTI15_10_IRQHandler                     0x0800011f   Thumb Code     0  startup_stm32f103xb.o(.text)
    EXTI1_IRQHandler                         0x0800011f   Thumb Code     0  startup_stm32f103xb.o(.text)
    EXTI2_IRQHandler                         0x0800011f   Thumb Code     0  startup_stm32f103xb.o(.text)
    EXTI3_IRQHandler                         0x0800011f   Thumb Code     0  startup_stm32f103xb.o(.text)
    EXTI4_IRQHandler                         0x0800011f   Thumb Code     0  startup_stm32f103xb.o(.text)
    EXTI9_5_IRQHandler                       0x0800011f   Thumb Code     0  startup_stm32f103xb.o(.text)
    FLASH_IRQHandler                         0x0800011f   Thumb Code     0  startup_stm32f103xb.o(.text)
    I2C1_ER_IRQHandler                       0x0800011f   Thumb Code     0  startup_stm32f103xb.o(.text)
    I2C1_EV_IRQHandler                       0x0800011f   Thumb Code     0  startup_stm32f103xb.o(.text)
    I2C2_ER_IRQHandler                       0x0800011f   Thumb Code     0  startup_stm32f103xb.o(.text)
    I2C2_EV_IRQHandler                       0x0800011f   Thumb Code     0  startup_stm32f103xb.o(.text)
    PVD_IRQHandler                           0x0800011f   Thumb Code     0  startup_stm32f103xb.o(.text)
    RCC_IRQHandler                           0x0800011f   Thumb Code     0  startup_stm32f103xb.o(.text)
    RTC_IRQHandler                           0x0800011f   Thumb Code     0  startup_stm32f103xb.o(.text)
    SPI1_IRQHandler                          0x0800011f   Thumb Code     0  startup_stm32f103xb.o(.text)
    SPI2_IRQHandler                          0x0800011f   Thumb Code     0  startup_stm32f103xb.o(.text)
    TAMPER_IRQHandler                        0x0800011f   Thumb Code     0  startup_stm32f103xb.o(.text)
    TIM1_BRK_IRQHandler                      0x0800011f   Thumb Code     0  startup_stm32f103xb.o(.text)
    TIM1_CC_IRQHandler                       0x0800011f   Thumb Code     0  startup_stm32f103xb.o(.text)
    TIM1_TRG_COM_IRQHandler                  0x0800011f   Thumb Code     0  startup_stm32f103xb.o(.text)
    TIM1_UP_IRQHandler                       0x0800011f   Thumb Code     0  startup_stm32f103xb.o(.text)
    TIM2_IRQHandler                          0x0800011f   Thumb Code     0  startup_stm32f103xb.o(.text)
    TIM4_IRQHandler                          0x0800011f   Thumb Code     0  startup_stm32f103xb.o(.text)
    USBWakeUp_IRQHandler                     0x0800011f   Thumb Code     0  startup_stm32f103xb.o(.text)
    USB_HP_CAN1_TX_IRQHandler                0x0800011f   Thumb Code     0  startup_stm32f103xb.o(.text)
    USB_LP_CAN1_RX0_IRQHandler               0x0800011f   Thumb Code     0  startup_stm32f103xb.o(.text)
    WWDG_IRQHandler                          0x0800011f   Thumb Code     0  startup_stm32f103xb.o(.text)
    __aeabi_llsr                             0x08000129   Thumb Code    32  llushr.o(.text)
    _ll_ushift_r                             0x08000129   Thumb Code     0  llushr.o(.text)
    __aeabi_memcpy                           0x08000149   Thumb Code    36  memcpya.o(.text)
    __aeabi_memcpy4                          0x08000149   Thumb Code     0  memcpya.o(.text)
    __aeabi_memcpy8                          0x08000149   Thumb Code     0  memcpya.o(.text)
    __aeabi_memset                           0x0800016d   Thumb Code    14  memseta.o(.text)
    __aeabi_memset4                          0x0800016d   Thumb Code     0  memseta.o(.text)
    __aeabi_memset8                          0x0800016d   Thumb Code     0  memseta.o(.text)
    __aeabi_memclr                           0x0800017b   Thumb Code     4  memseta.o(.text)
    __aeabi_memclr4                          0x0800017b   Thumb Code     0  memseta.o(.text)
    __aeabi_memclr8                          0x0800017b   Thumb Code     0  memseta.o(.text)
    _memset$wrapper                          0x0800017f   Thumb Code    18  memseta.o(.text)
    strcat                                   0x08000191   Thumb Code    24  strcat.o(.text)
    __aeabi_fadd                             0x080001a9   Thumb Code   164  fadd.o(.text)
    __aeabi_fsub                             0x0800024d   Thumb Code     6  fadd.o(.text)
    __aeabi_frsub                            0x08000253   Thumb Code     6  fadd.o(.text)
    __aeabi_fmul                             0x08000259   Thumb Code   100  fmul.o(.text)
    __aeabi_fdiv                             0x080002bd   Thumb Code   124  fdiv.o(.text)
    __aeabi_dadd                             0x08000339   Thumb Code   322  dadd.o(.text)
    __aeabi_dsub                             0x0800047b   Thumb Code     6  dadd.o(.text)
    __aeabi_drsub                            0x08000481   Thumb Code     6  dadd.o(.text)
    __aeabi_dmul                             0x08000487   Thumb Code   228  dmul.o(.text)
    __aeabi_ddiv                             0x0800056b   Thumb Code   222  ddiv.o(.text)
    __ARM_scalbn                             0x08000649   Thumb Code    46  dscalb.o(.text)
    scalbn                                   0x08000649   Thumb Code     0  dscalb.o(.text)
    __aeabi_i2f                              0x08000677   Thumb Code    18  fflti.o(.text)
    __aeabi_ui2f                             0x08000689   Thumb Code    10  ffltui.o(.text)
    __aeabi_i2d                              0x08000693   Thumb Code    34  dflti.o(.text)
    __aeabi_ui2d                             0x080006b5   Thumb Code    26  dfltui.o(.text)
    __aeabi_f2iz                             0x080006cf   Thumb Code    50  ffixi.o(.text)
    __aeabi_f2uiz                            0x08000701   Thumb Code    40  ffixui.o(.text)
    __aeabi_d2iz                             0x08000729   Thumb Code    62  dfixi.o(.text)
    __aeabi_d2uiz                            0x08000767   Thumb Code    50  dfixui.o(.text)
    __aeabi_cdcmpeq                          0x08000799   Thumb Code     0  cdcmple.o(.text)
    __aeabi_cdcmple                          0x08000799   Thumb Code    48  cdcmple.o(.text)
    __aeabi_cdrcmple                         0x080007c9   Thumb Code    48  cdrcmple.o(.text)
    __aeabi_d2f                              0x080007f9   Thumb Code    56  d2f.o(.text)
    __aeabi_uidiv                            0x08000831   Thumb Code     0  uidiv.o(.text)
    __aeabi_uidivmod                         0x08000831   Thumb Code    44  uidiv.o(.text)
    __aeabi_llsl                             0x0800085d   Thumb Code    30  llshl.o(.text)
    _ll_shift_l                              0x0800085d   Thumb Code     0  llshl.o(.text)
    __aeabi_lasr                             0x0800087b   Thumb Code    36  llsshr.o(.text)
    _ll_sshift_r                             0x0800087b   Thumb Code     0  llsshr.o(.text)
    __I$use$fp                               0x0800089f   Thumb Code     0  iusefp.o(.text)
    _float_round                             0x0800089f   Thumb Code    18  fepilogue.o(.text)
    _float_epilogue                          0x080008b1   Thumb Code    92  fepilogue.o(.text)
    _double_round                            0x0800090d   Thumb Code    30  depilogue.o(.text)
    _double_epilogue                         0x0800092b   Thumb Code   156  depilogue.o(.text)
    __scatterload                            0x080009c9   Thumb Code    28  init.o(.text)
    __scatterload_rt2                        0x080009c9   Thumb Code     0  init.o(.text)
    _dsqrt                                   0x080009ed   Thumb Code   162  dsqrt.o(.text)
    BME280_READ_DATA                         0x08000a8f   Thumb Code    10  main.o(i.BME280_READ_DATA)
    BME280_SETTING                           0x08000a99   Thumb Code    52  main.o(i.BME280_SETTING)
    BME280_UINIT                             0x08000acd   Thumb Code    24  main.o(i.BME280_UINIT)
    BcdToDec                                 0x08000af1   Thumb Code    18  main.o(i.BcdToDec)
    BusFault_Handler                         0x08000b03   Thumb Code     2  stm32f1xx_it.o(i.BusFault_Handler)
    DISPLAY_STATUS                           0x08000b05   Thumb Code    74  main.o(i.DISPLAY_STATUS)
    DISPLAY_TIME                             0x08000b65   Thumb Code   166  main.o(i.DISPLAY_TIME)
    DebugMon_Handler                         0x08000c45   Thumb Code     2  stm32f1xx_it.o(i.DebugMon_Handler)
    DecToBcd                                 0x08000c47   Thumb Code    22  main.o(i.DecToBcd)
    ESP_RESET                                0x08000c5d   Thumb Code    38  main.o(i.ESP_RESET)
    FLAG_UPDATE_STATUS                       0x08000c89   Thumb Code    58  main.o(i.FLAG_UPDATE_STATUS)
    GET_UPDATE_DATA                          0x08000ccd   Thumb Code    64  main.o(i.GET_UPDATE_DATA)
    HAL_Delay                                0x08000d0d   Thumb Code    22  stm32f1xx_hal.o(i.HAL_Delay)
    HAL_GPIO_Init                            0x08000d25   Thumb Code   408  stm32f1xx_hal_gpio.o(i.HAL_GPIO_Init)
    HAL_GPIO_WritePin                        0x08000ee1   Thumb Code    10  stm32f1xx_hal_gpio.o(i.HAL_GPIO_WritePin)
    HAL_GetTick                              0x08000eed   Thumb Code     6  stm32f1xx_hal.o(i.HAL_GetTick)
    HAL_I2C_Init                             0x08000ef9   Thumb Code   216  stm32f1xx_hal_i2c.o(i.HAL_I2C_Init)
    HAL_I2C_Mem_Read                         0x08000fd9   Thumb Code   462  stm32f1xx_hal_i2c.o(i.HAL_I2C_Mem_Read)
    HAL_I2C_Mem_Write                        0x080011b1   Thumb Code   242  stm32f1xx_hal_i2c.o(i.HAL_I2C_Mem_Write)
    HAL_I2C_MspInit                          0x080012a9   Thumb Code    54  stm32f1xx_hal_msp.o(i.HAL_I2C_MspInit)
    HAL_IncTick                              0x080012ed   Thumb Code    10  stm32f1xx_hal.o(i.HAL_IncTick)
    HAL_Init                                 0x080012fd   Thumb Code    32  stm32f1xx_hal.o(i.HAL_Init)
    HAL_InitTick                             0x08001321   Thumb Code    34  stm32f1xx_hal.o(i.HAL_InitTick)
    HAL_MspInit                              0x08001345   Thumb Code    98  stm32f1xx_hal_msp.o(i.HAL_MspInit)
    HAL_NVIC_EnableIRQ                       0x080013b1   Thumb Code    22  stm32f1xx_hal_cortex.o(i.HAL_NVIC_EnableIRQ)
    HAL_NVIC_SetPriority                     0x080013c9   Thumb Code    60  stm32f1xx_hal_cortex.o(i.HAL_NVIC_SetPriority)
    HAL_NVIC_SetPriorityGrouping             0x08001409   Thumb Code    26  stm32f1xx_hal_cortex.o(i.HAL_NVIC_SetPriorityGrouping)
    HAL_PWR_EnableBkUpAccess                 0x0800142d   Thumb Code    20  stm32f1xx_hal_pwr.o(i.HAL_PWR_EnableBkUpAccess)
    HAL_RCCEx_GetPeriphCLKFreq               0x08001445   Thumb Code   208  stm32f1xx_hal_rcc_ex.o(i.HAL_RCCEx_GetPeriphCLKFreq)
    HAL_RCCEx_PeriphCLKConfig                0x08001535   Thumb Code   282  stm32f1xx_hal_rcc_ex.o(i.HAL_RCCEx_PeriphCLKConfig)
    HAL_RCC_ClockConfig                      0x0800165d   Thumb Code   638  stm32f1xx_hal_rcc.o(i.HAL_RCC_ClockConfig)
    HAL_RCC_GetHCLKFreq                      0x080018e5   Thumb Code    38  stm32f1xx_hal_rcc.o(i.HAL_RCC_GetHCLKFreq)
    HAL_RCC_GetPCLK1Freq                     0x08001919   Thumb Code    36  stm32f1xx_hal_rcc.o(i.HAL_RCC_GetPCLK1Freq)
    HAL_RCC_GetPCLK2Freq                     0x08001945   Thumb Code    36  stm32f1xx_hal_rcc.o(i.HAL_RCC_GetPCLK2Freq)
    HAL_RCC_GetSysClockFreq                  0x08001971   Thumb Code   102  stm32f1xx_hal_rcc.o(i.HAL_RCC_GetSysClockFreq)
    HAL_RCC_OscConfig                        0x080019f9   Thumb Code  1586  stm32f1xx_hal_rcc.o(i.HAL_RCC_OscConfig)
    HAL_RTC_AlarmAEventCallback              0x0800202b   Thumb Code     2  stm32f1xx_hal_rtc.o(i.HAL_RTC_AlarmAEventCallback)
    HAL_RTC_AlarmIRQHandler                  0x0800202d   Thumb Code    46  stm32f1xx_hal_rtc.o(i.HAL_RTC_AlarmIRQHandler)
    HAL_RTC_GetDate                          0x08002061   Thumb Code    78  stm32f1xx_hal_rtc.o(i.HAL_RTC_GetDate)
    HAL_RTC_GetTime                          0x080020af   Thumb Code   216  stm32f1xx_hal_rtc.o(i.HAL_RTC_GetTime)
    HAL_RTC_Init                             0x08002189   Thumb Code   154  stm32f1xx_hal_rtc.o(i.HAL_RTC_Init)
    HAL_RTC_MspInit                          0x08002229   Thumb Code    76  stm32f1xx_hal_msp.o(i.HAL_RTC_MspInit)
    HAL_RTC_SetDate                          0x08002281   Thumb Code   192  stm32f1xx_hal_rtc.o(i.HAL_RTC_SetDate)
    HAL_RTC_SetTime                          0x08002345   Thumb Code   168  stm32f1xx_hal_rtc.o(i.HAL_RTC_SetTime)
    HAL_RTC_WaitForSynchro                   0x080023f1   Thumb Code    58  stm32f1xx_hal_rtc.o(i.HAL_RTC_WaitForSynchro)
    HAL_SPI_Init                             0x0800242d   Thumb Code   132  stm32f1xx_hal_spi_ex.o(i.HAL_SPI_Init)
    HAL_SPI_MspInit                          0x080024b5   Thumb Code    74  stm32f1xx_hal_msp.o(i.HAL_SPI_MspInit)
    HAL_SYSTICK_CLKSourceConfig              0x0800250d   Thumb Code    24  stm32f1xx_hal_cortex.o(i.HAL_SYSTICK_CLKSourceConfig)
    HAL_SYSTICK_Callback                     0x08002525   Thumb Code     2  stm32f1xx_hal_cortex.o(i.HAL_SYSTICK_Callback)
    HAL_SYSTICK_Config                       0x08002527   Thumb Code    40  stm32f1xx_hal_cortex.o(i.HAL_SYSTICK_Config)
    HAL_SYSTICK_IRQHandler                   0x0800254f   Thumb Code     8  stm32f1xx_hal_cortex.o(i.HAL_SYSTICK_IRQHandler)
    HAL_TIMEx_BreakCallback                  0x08002557   Thumb Code     2  stm32f1xx_hal_tim_ex.o(i.HAL_TIMEx_BreakCallback)
    HAL_TIMEx_CommutationCallback            0x08002559   Thumb Code     2  stm32f1xx_hal_tim_ex.o(i.HAL_TIMEx_CommutationCallback)
    HAL_TIMEx_MasterConfigSynchronization    0x0800255b   Thumb Code    80  stm32f1xx_hal_tim_ex.o(i.HAL_TIMEx_MasterConfigSynchronization)
    HAL_TIM_Base_Init                        0x080025ab   Thumb Code    54  stm32f1xx_hal_tim.o(i.HAL_TIM_Base_Init)
    HAL_TIM_Base_MspInit                     0x080025e1   Thumb Code    50  stm32f1xx_hal_msp.o(i.HAL_TIM_Base_MspInit)
    HAL_TIM_Base_Start_IT                    0x0800261d   Thumb Code    24  stm32f1xx_hal_tim.o(i.HAL_TIM_Base_Start_IT)
    HAL_TIM_ConfigClockSource                0x08002635   Thumb Code   242  stm32f1xx_hal_tim.o(i.HAL_TIM_ConfigClockSource)
    HAL_TIM_IC_CaptureCallback               0x08002727   Thumb Code     2  stm32f1xx_hal_tim.o(i.HAL_TIM_IC_CaptureCallback)
    HAL_TIM_IRQHandler                       0x08002729   Thumb Code   358  stm32f1xx_hal_tim.o(i.HAL_TIM_IRQHandler)
    HAL_TIM_OC_DelayElapsedCallback          0x0800288f   Thumb Code     2  stm32f1xx_hal_tim.o(i.HAL_TIM_OC_DelayElapsedCallback)
    HAL_TIM_PWM_PulseFinishedCallback        0x08002891   Thumb Code     2  stm32f1xx_hal_tim.o(i.HAL_TIM_PWM_PulseFinishedCallback)
    HAL_TIM_PeriodElapsedCallback            0x08002895   Thumb Code    54  main.o(i.HAL_TIM_PeriodElapsedCallback)
    HAL_TIM_TriggerCallback                  0x080028d1   Thumb Code     2  stm32f1xx_hal_tim.o(i.HAL_TIM_TriggerCallback)
    HAL_UART_ErrorCallback                   0x080028d3   Thumb Code     2  stm32f1xx_hal_uart.o(i.HAL_UART_ErrorCallback)
    HAL_UART_IRQHandler                      0x080028d5   Thumb Code   218  stm32f1xx_hal_uart.o(i.HAL_UART_IRQHandler)
    HAL_UART_Init                            0x080029af   Thumb Code    94  stm32f1xx_hal_uart.o(i.HAL_UART_Init)
    HAL_UART_MspInit                         0x08002a0d   Thumb Code   226  stm32f1xx_hal_msp.o(i.HAL_UART_MspInit)
    HAL_UART_Receive_IT                      0x08002b09   Thumb Code   106  stm32f1xx_hal_uart.o(i.HAL_UART_Receive_IT)
    HAL_UART_RxCpltCallback                  0x08002b75   Thumb Code   638  main.o(i.HAL_UART_RxCpltCallback)
    HAL_UART_Transmit                        0x08002e11   Thumb Code   204  stm32f1xx_hal_uart.o(i.HAL_UART_Transmit)
    HAL_UART_TxCpltCallback                  0x08002edd   Thumb Code     2  stm32f1xx_hal_uart.o(i.HAL_UART_TxCpltCallback)
    HardFault_Handler                        0x08002edf   Thumb Code     2  stm32f1xx_it.o(i.HardFault_Handler)
    LCD_CMD                                  0x0800324d   Thumb Code    58  main.o(i.LCD_CMD)
    LCD_UPDATE_DATA_PAGE                     0x08003299   Thumb Code   294  main.o(i.LCD_UPDATE_DATA_PAGE)
    MemManage_Handler                        0x080034cd   Thumb Code     2  stm32f1xx_it.o(i.MemManage_Handler)
    NMI_Handler                              0x080034cf   Thumb Code     2  stm32f1xx_it.o(i.NMI_Handler)
    PARSE_DATA                               0x080034f1   Thumb Code   160  main.o(i.PARSE_DATA)
    PARSE_TIME                               0x08003595   Thumb Code    34  main.o(i.PARSE_TIME)
    READ_SENSORS                             0x080035b7   Thumb Code    42  main.o(i.READ_SENSORS)
    REQUEST_ESP_STATUS                       0x080035e1   Thumb Code    84  main.o(i.REQUEST_ESP_STATUS)
    REQUEST_TIME_NTP                         0x08003645   Thumb Code    86  main.o(i.REQUEST_TIME_NTP)
    REQUEST_UPDATE_DATA                      0x080036ad   Thumb Code    94  main.o(i.REQUEST_UPDATE_DATA)
    RTC_Alarm_IRQHandler                     0x08003725   Thumb Code     6  stm32f1xx_it.o(i.RTC_Alarm_IRQHandler)
    SDS011_USER_READ                         0x08003949   Thumb Code    96  main.o(i.SDS011_USER_READ)
    SEND_COMMAND_AUTO                        0x080039b1   Thumb Code    82  main.o(i.SEND_COMMAND_AUTO)
    SEND_COMMAND_MANUAL                      0x08003a11   Thumb Code    76  main.o(i.SEND_COMMAND_MANUAL)
    SEND_DATA_THINGSPEAK                     0x08003a69   Thumb Code   180  main.o(i.SEND_DATA_THINGSPEAK)
    SET_DATE_TIME_FROM_NTP                   0x08003b35   Thumb Code   252  main.o(i.SET_DATE_TIME_FROM_NTP)
    SysTick_Handler                          0x08003c39   Thumb Code    14  stm32f1xx_it.o(i.SysTick_Handler)
    SystemClock_Config                       0x08003c47   Thumb Code   104  main.o(i.SystemClock_Config)
    SystemInit                               0x08003cb1   Thumb Code    56  system_stm32f1xx.o(i.SystemInit)
    TIM3_IRQHandler                          0x08003cf9   Thumb Code     6  stm32f1xx_it.o(i.TIM3_IRQHandler)
    TIM_Base_SetConfig                       0x08003d05   Thumb Code    86  stm32f1xx_hal_tim.o(i.TIM_Base_SetConfig)
    USART1_IRQHandler                        0x08004055   Thumb Code     6  stm32f1xx_it.o(i.USART1_IRQHandler)
    USART2_IRQHandler                        0x08004061   Thumb Code     6  stm32f1xx_it.o(i.USART2_IRQHandler)
    USART3_IRQHandler                        0x0800406d   Thumb Code     6  stm32f1xx_it.o(i.USART3_IRQHandler)
    USER_ATOI                                0x08004079   Thumb Code    14  main.o(i.USER_ATOI)
    USER_DELAY                               0x08004087   Thumb Code     4  main.o(i.USER_DELAY)
    USER_MAX                                 0x0800408b   Thumb Code     8  main.o(i.USER_MAX)
    USER_MIN                                 0x08004093   Thumb Code     8  main.o(i.USER_MIN)
    USER_READ                                0x0800409d   Thumb Code    34  main.o(i.USER_READ)
    USER_ROUND                               0x080040c5   Thumb Code    42  main.o(i.USER_ROUND)
    USER_WRITE                               0x080040f1   Thumb Code    34  main.o(i.USER_WRITE)
    UsageFault_Handler                       0x08004119   Thumb Code     2  stm32f1xx_it.o(i.UsageFault_Handler)
    WRITE_CONFIG                             0x0800411d   Thumb Code    90  main.o(i.WRITE_CONFIG)
    __0printf$3                              0x08004189   Thumb Code    22  printf3.o(i.__0printf$3)
    __1printf$3                              0x08004189   Thumb Code     0  printf3.o(i.__0printf$3)
    __2printf                                0x08004189   Thumb Code     0  printf3.o(i.__0printf$3)
    __0sprintf$3                             0x080041a9   Thumb Code    34  printf3.o(i.__0sprintf$3)
    __1sprintf$3                             0x080041a9   Thumb Code     0  printf3.o(i.__0sprintf$3)
    __2sprintf                               0x080041a9   Thumb Code     0  printf3.o(i.__0sprintf$3)
    __ARM_fpclassify                         0x080041d1   Thumb Code    40  fpclassify.o(i.__ARM_fpclassify)
    __kernel_poly                            0x080041f9   Thumb Code   170  poly.o(i.__kernel_poly)
    __mathlib_dbl_divzero                    0x080042a5   Thumb Code    12  dunder.o(i.__mathlib_dbl_divzero)
    __mathlib_dbl_infnan2                    0x080042b5   Thumb Code     4  dunder.o(i.__mathlib_dbl_infnan2)
    __mathlib_dbl_invalid                    0x080042b9   Thumb Code    12  dunder.o(i.__mathlib_dbl_invalid)
    __mathlib_dbl_overflow                   0x080042c5   Thumb Code    14  dunder.o(i.__mathlib_dbl_overflow)
    __mathlib_dbl_underflow                  0x080042d5   Thumb Code    10  dunder.o(i.__mathlib_dbl_underflow)
    __scatterload_copy                       0x080042e5   Thumb Code    14  handlers.o(i.__scatterload_copy)
    __scatterload_null                       0x080042f3   Thumb Code     2  handlers.o(i.__scatterload_null)
    __scatterload_zeroinit                   0x080042f5   Thumb Code    14  handlers.o(i.__scatterload_zeroinit)
    __set_errno                              0x08004305   Thumb Code     6  errno.o(i.__set_errno)
    bme280_compensate_data                   0x080044df   Thumb Code    98  bme280.o(i.bme280_compensate_data)
    bme280_get_regs                          0x08004541   Thumb Code    56  bme280.o(i.bme280_get_regs)
    bme280_get_sensor_data                   0x08004579   Thumb Code    80  bme280.o(i.bme280_get_sensor_data)
    bme280_get_sensor_mode                   0x080045c9   Thumb Code    38  bme280.o(i.bme280_get_sensor_mode)
    bme280_init                              0x080045ef   Thumb Code    86  bme280.o(i.bme280_init)
    bme280_parse_sensor_data                 0x08004645   Thumb Code    50  bme280.o(i.bme280_parse_sensor_data)
    bme280_set_regs                          0x08004677   Thumb Code   150  bme280.o(i.bme280_set_regs)
    bme280_set_sensor_mode                   0x0800470d   Thumb Code    90  bme280.o(i.bme280_set_sensor_mode)
    bme280_set_sensor_settings               0x08004767   Thumb Code    98  bme280.o(i.bme280_set_sensor_settings)
    bme280_soft_reset                        0x080047c9   Thumb Code   100  bme280.o(i.bme280_soft_reset)
    fputc                                    0x08004ca1   Thumb Code    18  main.o(i.fputc)
    getAqi                                   0x08004cb9   Thumb Code   286  main.o(i.getAqi)
    main                                     0x08004f3d   Thumb Code   944  main.o(i.main)
    pow                                      0x0800538d   Thumb Code  2512  pow.o(i.pow)
    sqrt                                     0x08005e8d   Thumb Code    76  sqrt.o(i.sqrt)
    aAPBAHBPrescTable                        0x08005ed8   Data          16  stm32f1xx_hal_rcc.o(.constdata)
    __mathlib_zero                           0x08005f70   Data           8  qnan.o(.constdata)
    Region$$Table$$Base                      0x08006024   Number         0  anon$$obj.o(Region$$Table)
    Region$$Table$$Limit                     0x08006044   Number         0  anon$$obj.o(Region$$Table)
    PROCESS                                  0x20000000   Data           1  main.o(.data)
    index1                                   0x20000001   Data           1  main.o(.data)
    index2                                   0x20000002   Data           1  main.o(.data)
    index3                                   0x20000003   Data           1  main.o(.data)
    ESP_BUSY                                 0x20000004   Data           1  main.o(.data)
    ESP_ISCONNECTED                          0x20000005   Data           1  main.o(.data)
    FLAG_SDS                                 0x20000006   Data           1  main.o(.data)
    FLAG_RTC                                 0x20000007   Data           1  main.o(.data)
    FLAG_UPDATE_DATA                         0x20000008   Data           1  main.o(.data)
    FLAG_REQUEST_DATA                        0x20000009   Data           1  main.o(.data)
    FLAG_SEND_DATA                           0x2000000a   Data           1  main.o(.data)
    FLAG_UPDATE_CONFIG_1                     0x2000000b   Data           1  main.o(.data)
    FLAG_UPDATE_CONFIG_2                     0x2000000c   Data           1  main.o(.data)
    FLAG_UPDATE_LCD_DATA                     0x2000000d   Data           1  main.o(.data)
    FLAG_UPDATE_LCD_DATE_TIME                0x2000000e   Data           1  main.o(.data)
    FLAG_SENSORS_READ                        0x2000000f   Data           1  main.o(.data)
    FLAG_REQUEST_TIME_NTP                    0x20000010   Data           1  main.o(.data)
    FLAG_UPDATE_ESP_STATUS                   0x20000011   Data           1  main.o(.data)
    ENABLE_READ_RTC                          0x20000012   Data           1  main.o(.data)
    FLAG_REQUEST_ESP_STATUS                  0x20000013   Data           1  main.o(.data)
    FLAG_RECV_STATUS                         0x20000014   Data           1  main.o(.data)
    FLAG_MODE_AUTO                           0x20000015   Data           1  main.o(.data)
    FLAG_CMD_MANUAL                          0x20000016   Data           1  main.o(.data)
    FLAG_CMD_AUTO                            0x20000017   Data           1  main.o(.data)
    checksumFlag                             0x20000018   Data           1  main.o(.data)
    Rx_DataReg1                              0x20000019   Data           1  main.o(.data)
    Rx_DataReg2                              0x2000001a   Data           1  main.o(.data)
    Rx_DataReg3                              0x2000001b   Data           1  main.o(.data)
    PM_MAX1                                  0x2000001c   Data           2  main.o(.data)
    PM_MIN1                                  0x2000001e   Data           2  main.o(.data)
    PM_MAX2                                  0x20000020   Data           2  main.o(.data)
    PM_MIN2                                  0x20000022   Data           2  main.o(.data)
    checksum                                 0x20000024   Data           2  main.o(.data)
    countloop                                0x20000028   Data           4  main.o(.data)
    pm25                                     0x2000002c   Data           4  main.o(.data)
    pm10                                     0x20000030   Data           4  main.o(.data)
    LCD_PAGE_NAME                            0x20000034   Data          20  main.o(.data)
    LCD_VAR_NAME                             0x20000048   Data          28  main.o(.data)
    MONTH                                    0x20000064   Data          48  main.o(.data)
    WEEKDAY                                  0x20000094   Data          28  main.o(.data)
    TIME_UNIT                                0x200000b0   Data          16  main.o(.data)
    SystemCoreClock                          0x200000c0   Data           4  system_stm32f1xx.o(.data)
    uCRCErrorWorkaroundCheck                 0x200000c8   Data           1  stm32f1xx_hal_spi_ex.o(.data)
    __stdout                                 0x200000cc   Data           4  stdout.o(.data)
    counter                                  0x200000d8   Data          40  main.o(.bss)
    hcnt                                     0x20000100   Data          10  main.o(.bss)
    dcnt                                     0x2000010a   Data          10  main.o(.bss)
    hi2c1                                    0x20000114   Data          60  main.o(.bss)
    hrtc                                     0x20000150   Data          20  main.o(.bss)
    hspi1                                    0x20000164   Data          88  main.o(.bss)
    htim3                                    0x200001bc   Data          60  main.o(.bss)
    huart1                                   0x200001f8   Data          64  main.o(.bss)
    huart2                                   0x20000238   Data          64  main.o(.bss)
    huart3                                   0x20000278   Data          64  main.o(.bss)
    hua                                      0x200002b8   Data          64  main.o(.bss)
    dev                                      0x200002f8   Data          64  main.o(.bss)
    cdata                                    0x20000338   Data          24  main.o(.bss)
    buffer1                                  0x20000350   Data         100  main.o(.bss)
    buffer2                                  0x200003b4   Data         100  main.o(.bss)
    buffer3                                  0x20000418   Data         100  main.o(.bss)
    rtc_data                                 0x2000047c   Data         100  main.o(.bss)
    esp_data                                 0x200004e0   Data         100  main.o(.bss)
    wifi_ssid                                0x20000544   Data         100  main.o(.bss)
    wifi_pass                                0x200005a8   Data         100  main.o(.bss)
    cmd_manual                               0x2000060c   Data         100  main.o(.bss)
    cmd_auto                                 0x20000670   Data         100  main.o(.bss)
    sds_data                                 0x200006d4   Data          10  main.o(.bss)
    data_outdoor                             0x200006de   Data          20  main.o(.bss)
    Air_data                                 0x200006f2   Data          20  main.o(.bss)
    __initial_sp                             0x20000b08   Data           0  startup_stm32f103xb.o(STACK)



==============================================================================

Memory Map of the image

  Image Entry point : 0x080000ed

  Load Region LR_IROM1 (Base: 0x08000000, Size: 0x00006118, Max: 0x00010000, ABSOLUTE)

    Execution Region ER_IROM1 (Exec base: 0x08000000, Load base: 0x08000000, Size: 0x00006044, Max: 0x00010000, ABSOLUTE)

    Exec Addr    Load Addr    Size         Type   Attr      Idx    E Section Name        Object

    0x08000000   0x08000000   0x000000ec   Data   RO          737    RESET               startup_stm32f103xb.o
    0x080000ec   0x080000ec   0x00000000   Code   RO         3605  * .ARM.Collect$$$$00000000  mc_w.l(entry.o)
    0x080000ec   0x080000ec   0x00000004   Code   RO         3942    .ARM.Collect$$$$00000001  mc_w.l(entry2.o)
    0x080000f0   0x080000f0   0x00000004   Code   RO         3945    .ARM.Collect$$$$00000004  mc_w.l(entry5.o)
    0x080000f4   0x080000f4   0x00000000   Code   RO         3947    .ARM.Collect$$$$00000008  mc_w.l(entry7b.o)
    0x080000f4   0x080000f4   0x00000000   Code   RO         3949    .ARM.Collect$$$$0000000A  mc_w.l(entry8b.o)
    0x080000f4   0x080000f4   0x00000008   Code   RO         3950    .ARM.Collect$$$$0000000B  mc_w.l(entry9a.o)
    0x080000fc   0x080000fc   0x00000004   Code   RO         3957    .ARM.Collect$$$$0000000E  mc_w.l(entry12b.o)
    0x08000100   0x08000100   0x00000000   Code   RO         3952    .ARM.Collect$$$$0000000F  mc_w.l(entry10a.o)
    0x08000100   0x08000100   0x00000000   Code   RO         3954    .ARM.Collect$$$$00000011  mc_w.l(entry11a.o)
    0x08000100   0x08000100   0x00000004   Code   RO         3943    .ARM.Collect$$$$00002712  mc_w.l(entry2.o)
    0x08000104   0x08000104   0x00000024   Code   RO          738    .text               startup_stm32f103xb.o
    0x08000128   0x08000128   0x00000020   Code   RO         3608    .text               mc_w.l(llushr.o)
    0x08000148   0x08000148   0x00000024   Code   RO         3610    .text               mc_w.l(memcpya.o)
    0x0800016c   0x0800016c   0x00000024   Code   RO         3612    .text               mc_w.l(memseta.o)
    0x08000190   0x08000190   0x00000018   Code   RO         3614    .text               mc_w.l(strcat.o)
    0x080001a8   0x080001a8   0x000000b0   Code   RO         3879    .text               mf_w.l(fadd.o)
    0x08000258   0x08000258   0x00000064   Code   RO         3881    .text               mf_w.l(fmul.o)
    0x080002bc   0x080002bc   0x0000007c   Code   RO         3883    .text               mf_w.l(fdiv.o)
    0x08000338   0x08000338   0x0000014e   Code   RO         3885    .text               mf_w.l(dadd.o)
    0x08000486   0x08000486   0x000000e4   Code   RO         3887    .text               mf_w.l(dmul.o)
    0x0800056a   0x0800056a   0x000000de   Code   RO         3889    .text               mf_w.l(ddiv.o)
    0x08000648   0x08000648   0x0000002e   Code   RO         3891    .text               mf_w.l(dscalb.o)
    0x08000676   0x08000676   0x00000012   Code   RO         3893    .text               mf_w.l(fflti.o)
    0x08000688   0x08000688   0x0000000a   Code   RO         3895    .text               mf_w.l(ffltui.o)
    0x08000692   0x08000692   0x00000022   Code   RO         3897    .text               mf_w.l(dflti.o)
    0x080006b4   0x080006b4   0x0000001a   Code   RO         3899    .text               mf_w.l(dfltui.o)
    0x080006ce   0x080006ce   0x00000032   Code   RO         3901    .text               mf_w.l(ffixi.o)
    0x08000700   0x08000700   0x00000028   Code   RO         3903    .text               mf_w.l(ffixui.o)
    0x08000728   0x08000728   0x0000003e   Code   RO         3905    .text               mf_w.l(dfixi.o)
    0x08000766   0x08000766   0x00000032   Code   RO         3907    .text               mf_w.l(dfixui.o)
    0x08000798   0x08000798   0x00000030   Code   RO         3909    .text               mf_w.l(cdcmple.o)
    0x080007c8   0x080007c8   0x00000030   Code   RO         3911    .text               mf_w.l(cdrcmple.o)
    0x080007f8   0x080007f8   0x00000038   Code   RO         3913    .text               mf_w.l(d2f.o)
    0x08000830   0x08000830   0x0000002c   Code   RO         3959    .text               mc_w.l(uidiv.o)
    0x0800085c   0x0800085c   0x0000001e   Code   RO         3963    .text               mc_w.l(llshl.o)
    0x0800087a   0x0800087a   0x00000024   Code   RO         3965    .text               mc_w.l(llsshr.o)
    0x0800089e   0x0800089e   0x00000000   Code   RO         3974    .text               mc_w.l(iusefp.o)
    0x0800089e   0x0800089e   0x0000006e   Code   RO         3975    .text               mf_w.l(fepilogue.o)
    0x0800090c   0x0800090c   0x000000ba   Code   RO         3977    .text               mf_w.l(depilogue.o)
    0x080009c6   0x080009c6   0x00000002   PAD
    0x080009c8   0x080009c8   0x00000024   Code   RO         3981    .text               mc_w.l(init.o)
    0x080009ec   0x080009ec   0x000000a2   Code   RO         3983    .text               mf_w.l(dsqrt.o)
    0x08000a8e   0x08000a8e   0x0000000a   Code   RO          194    i.BME280_READ_DATA  main.o
    0x08000a98   0x08000a98   0x00000034   Code   RO          195    i.BME280_SETTING    main.o
    0x08000acc   0x08000acc   0x00000024   Code   RO          196    i.BME280_UINIT      main.o
    0x08000af0   0x08000af0   0x00000012   Code   RO          197    i.BcdToDec          main.o
    0x08000b02   0x08000b02   0x00000002   Code   RO            4    i.BusFault_Handler  stm32f1xx_it.o
    0x08000b04   0x08000b04   0x00000060   Code   RO          198    i.DISPLAY_STATUS    main.o
    0x08000b64   0x08000b64   0x000000e0   Code   RO          199    i.DISPLAY_TIME      main.o
    0x08000c44   0x08000c44   0x00000002   Code   RO            5    i.DebugMon_Handler  stm32f1xx_it.o
    0x08000c46   0x08000c46   0x00000016   Code   RO          200    i.DecToBcd          main.o
    0x08000c5c   0x08000c5c   0x0000002c   Code   RO          201    i.ESP_RESET         main.o
    0x08000c88   0x08000c88   0x00000044   Code   RO          202    i.FLAG_UPDATE_STATUS  main.o
    0x08000ccc   0x08000ccc   0x00000040   Code   RO          203    i.GET_UPDATE_DATA   main.o
    0x08000d0c   0x08000d0c   0x00000016   Code   RO         1965    i.HAL_Delay         stm32f1xx_hal.o
    0x08000d22   0x08000d22   0x00000002   PAD
    0x08000d24   0x08000d24   0x000001bc   Code   RO         2362    i.HAL_GPIO_Init     stm32f1xx_hal_gpio.o
    0x08000ee0   0x08000ee0   0x0000000a   Code   RO         2366    i.HAL_GPIO_WritePin  stm32f1xx_hal_gpio.o
    0x08000eea   0x08000eea   0x00000002   PAD
    0x08000eec   0x08000eec   0x0000000c   Code   RO         1969    i.HAL_GetTick       stm32f1xx_hal.o
    0x08000ef8   0x08000ef8   0x000000e0   Code   RO         3009    i.HAL_I2C_Init      stm32f1xx_hal_i2c.o
    0x08000fd8   0x08000fd8   0x000001d8   Code   RO         3021    i.HAL_I2C_Mem_Read  stm32f1xx_hal_i2c.o
    0x080011b0   0x080011b0   0x000000f8   Code   RO         3024    i.HAL_I2C_Mem_Write  stm32f1xx_hal_i2c.o
    0x080012a8   0x080012a8   0x00000044   Code   RO          469    i.HAL_I2C_MspInit   stm32f1xx_hal_msp.o
    0x080012ec   0x080012ec   0x00000010   Code   RO         1970    i.HAL_IncTick       stm32f1xx_hal.o
    0x080012fc   0x080012fc   0x00000024   Code   RO         1971    i.HAL_Init          stm32f1xx_hal.o
    0x08001320   0x08001320   0x00000022   Code   RO         1972    i.HAL_InitTick      stm32f1xx_hal.o
    0x08001342   0x08001342   0x00000002   PAD
    0x08001344   0x08001344   0x0000006c   Code   RO          470    i.HAL_MspInit       stm32f1xx_hal_msp.o
    0x080013b0   0x080013b0   0x00000016   Code   RO         2552    i.HAL_NVIC_EnableIRQ  stm32f1xx_hal_cortex.o
    0x080013c6   0x080013c6   0x00000002   PAD
    0x080013c8   0x080013c8   0x00000040   Code   RO         2558    i.HAL_NVIC_SetPriority  stm32f1xx_hal_cortex.o
    0x08001408   0x08001408   0x00000024   Code   RO         2559    i.HAL_NVIC_SetPriorityGrouping  stm32f1xx_hal_cortex.o
    0x0800142c   0x0800142c   0x00000018   Code   RO         2432    i.HAL_PWR_EnableBkUpAccess  stm32f1xx_hal_pwr.o
    0x08001444   0x08001444   0x000000f0   Code   RO         1923    i.HAL_RCCEx_GetPeriphCLKFreq  stm32f1xx_hal_rcc_ex.o
    0x08001534   0x08001534   0x00000128   Code   RO         1924    i.HAL_RCCEx_PeriphCLKConfig  stm32f1xx_hal_rcc_ex.o
    0x0800165c   0x0800165c   0x00000288   Code   RO         2093    i.HAL_RCC_ClockConfig  stm32f1xx_hal_rcc.o
    0x080018e4   0x080018e4   0x00000034   Code   RO         2098    i.HAL_RCC_GetHCLKFreq  stm32f1xx_hal_rcc.o
    0x08001918   0x08001918   0x0000002c   Code   RO         2100    i.HAL_RCC_GetPCLK1Freq  stm32f1xx_hal_rcc.o
    0x08001944   0x08001944   0x0000002c   Code   RO         2101    i.HAL_RCC_GetPCLK2Freq  stm32f1xx_hal_rcc.o
    0x08001970   0x08001970   0x00000088   Code   RO         2102    i.HAL_RCC_GetSysClockFreq  stm32f1xx_hal_rcc.o
    0x080019f8   0x080019f8   0x00000632   Code   RO         2105    i.HAL_RCC_OscConfig  stm32f1xx_hal_rcc.o
    0x0800202a   0x0800202a   0x00000002   Code   RO          782    i.HAL_RTC_AlarmAEventCallback  stm32f1xx_hal_rtc.o
    0x0800202c   0x0800202c   0x00000034   Code   RO          783    i.HAL_RTC_AlarmIRQHandler  stm32f1xx_hal_rtc.o
    0x08002060   0x08002060   0x0000004e   Code   RO          787    i.HAL_RTC_GetDate   stm32f1xx_hal_rtc.o
    0x080020ae   0x080020ae   0x000000d8   Code   RO          789    i.HAL_RTC_GetTime   stm32f1xx_hal_rtc.o
    0x08002186   0x08002186   0x00000002   PAD
    0x08002188   0x08002188   0x000000a0   Code   RO          790    i.HAL_RTC_Init      stm32f1xx_hal_rtc.o
    0x08002228   0x08002228   0x00000058   Code   RO          472    i.HAL_RTC_MspInit   stm32f1xx_hal_msp.o
    0x08002280   0x08002280   0x000000c4   Code   RO          796    i.HAL_RTC_SetDate   stm32f1xx_hal_rtc.o
    0x08002344   0x08002344   0x000000ac   Code   RO          797    i.HAL_RTC_SetTime   stm32f1xx_hal_rtc.o
    0x080023f0   0x080023f0   0x0000003a   Code   RO          798    i.HAL_RTC_WaitForSynchro  stm32f1xx_hal_rtc.o
    0x0800242a   0x0800242a   0x00000002   PAD
    0x0800242c   0x0800242c   0x00000088   Code   RO         3320    i.HAL_SPI_Init      stm32f1xx_hal_spi_ex.o
    0x080024b4   0x080024b4   0x00000058   Code   RO          474    i.HAL_SPI_MspInit   stm32f1xx_hal_msp.o
    0x0800250c   0x0800250c   0x00000018   Code   RO         2561    i.HAL_SYSTICK_CLKSourceConfig  stm32f1xx_hal_cortex.o
    0x08002524   0x08002524   0x00000002   Code   RO         2562    i.HAL_SYSTICK_Callback  stm32f1xx_hal_cortex.o
    0x08002526   0x08002526   0x00000028   Code   RO         2563    i.HAL_SYSTICK_Config  stm32f1xx_hal_cortex.o
    0x0800254e   0x0800254e   0x00000008   Code   RO         2564    i.HAL_SYSTICK_IRQHandler  stm32f1xx_hal_cortex.o
    0x08002556   0x08002556   0x00000002   Code   RO         2770    i.HAL_TIMEx_BreakCallback  stm32f1xx_hal_tim_ex.o
    0x08002558   0x08002558   0x00000002   Code   RO         2771    i.HAL_TIMEx_CommutationCallback  stm32f1xx_hal_tim_ex.o
    0x0800255a   0x0800255a   0x00000050   Code   RO         2787    i.HAL_TIMEx_MasterConfigSynchronization  stm32f1xx_hal_tim_ex.o
    0x080025aa   0x080025aa   0x00000036   Code   RO         1293    i.HAL_TIM_Base_Init  stm32f1xx_hal_tim.o
    0x080025e0   0x080025e0   0x0000003c   Code   RO          476    i.HAL_TIM_Base_MspInit  stm32f1xx_hal_msp.o
    0x0800261c   0x0800261c   0x00000018   Code   RO         1298    i.HAL_TIM_Base_Start_IT  stm32f1xx_hal_tim.o
    0x08002634   0x08002634   0x000000f2   Code   RO         1302    i.HAL_TIM_ConfigClockSource  stm32f1xx_hal_tim.o
    0x08002726   0x08002726   0x00000002   Code   RO         1322    i.HAL_TIM_IC_CaptureCallback  stm32f1xx_hal_tim.o
    0x08002728   0x08002728   0x00000166   Code   RO         1335    i.HAL_TIM_IRQHandler  stm32f1xx_hal_tim.o
    0x0800288e   0x0800288e   0x00000002   Code   RO         1338    i.HAL_TIM_OC_DelayElapsedCallback  stm32f1xx_hal_tim.o
    0x08002890   0x08002890   0x00000002   Code   RO         1365    i.HAL_TIM_PWM_PulseFinishedCallback  stm32f1xx_hal_tim.o
    0x08002892   0x08002892   0x00000002   PAD
    0x08002894   0x08002894   0x0000003c   Code   RO          204    i.HAL_TIM_PeriodElapsedCallback  main.o
    0x080028d0   0x080028d0   0x00000002   Code   RO         1376    i.HAL_TIM_TriggerCallback  stm32f1xx_hal_tim.o
    0x080028d2   0x080028d2   0x00000002   Code   RO          964    i.HAL_UART_ErrorCallback  stm32f1xx_hal_uart.o
    0x080028d4   0x080028d4   0x000000da   Code   RO          967    i.HAL_UART_IRQHandler  stm32f1xx_hal_uart.o
    0x080029ae   0x080029ae   0x0000005e   Code   RO          968    i.HAL_UART_Init     stm32f1xx_hal_uart.o
    0x08002a0c   0x08002a0c   0x000000fc   Code   RO          478    i.HAL_UART_MspInit  stm32f1xx_hal_msp.o
    0x08002b08   0x08002b08   0x0000006a   Code   RO          973    i.HAL_UART_Receive_IT  stm32f1xx_hal_uart.o
    0x08002b72   0x08002b72   0x00000002   PAD
    0x08002b74   0x08002b74   0x0000029c   Code   RO          205    i.HAL_UART_RxCpltCallback  main.o
    0x08002e10   0x08002e10   0x000000cc   Code   RO          976    i.HAL_UART_Transmit  stm32f1xx_hal_uart.o
    0x08002edc   0x08002edc   0x00000002   Code   RO          979    i.HAL_UART_TxCpltCallback  stm32f1xx_hal_uart.o
    0x08002ede   0x08002ede   0x00000002   Code   RO            6    i.HardFault_Handler  stm32f1xx_it.o
    0x08002ee0   0x08002ee0   0x0000002a   Code   RO         3044    i.I2C_IsAcknowledgeFailed  stm32f1xx_hal_i2c.o
    0x08002f0a   0x08002f0a   0x000000e2   Code   RO         3049    i.I2C_RequestMemoryRead  stm32f1xx_hal_i2c.o
    0x08002fec   0x08002fec   0x00000098   Code   RO         3050    i.I2C_RequestMemoryWrite  stm32f1xx_hal_i2c.o
    0x08003084   0x08003084   0x0000008a   Code   RO         3051    i.I2C_WaitOnFlagUntilTimeout  stm32f1xx_hal_i2c.o
    0x0800310e   0x0800310e   0x00000088   Code   RO         3052    i.I2C_WaitOnMasterAddressFlagUntilTimeout  stm32f1xx_hal_i2c.o
    0x08003196   0x08003196   0x00000066   Code   RO         3053    i.I2C_WaitOnRXNEFlagUntilTimeout  stm32f1xx_hal_i2c.o
    0x080031fc   0x080031fc   0x00000050   Code   RO         3055    i.I2C_WaitOnTXEFlagUntilTimeout  stm32f1xx_hal_i2c.o
    0x0800324c   0x0800324c   0x0000004c   Code   RO          206    i.LCD_CMD           main.o
    0x08003298   0x08003298   0x0000014c   Code   RO          207    i.LCD_UPDATE_DATA_PAGE  main.o
    0x080033e4   0x080033e4   0x000000b4   Code   RO          208    i.MX_GPIO_Init      main.o
    0x08003498   0x08003498   0x00000034   Code   RO          209    i.MX_SPI1_Init      main.o
    0x080034cc   0x080034cc   0x00000002   Code   RO            7    i.MemManage_Handler  stm32f1xx_it.o
    0x080034ce   0x080034ce   0x00000002   Code   RO            8    i.NMI_Handler       stm32f1xx_it.o
    0x080034d0   0x080034d0   0x00000020   Code   RO         2565    i.NVIC_SetPriority  stm32f1xx_hal_cortex.o
    0x080034f0   0x080034f0   0x000000a4   Code   RO          210    i.PARSE_DATA        main.o
    0x08003594   0x08003594   0x00000022   Code   RO          211    i.PARSE_TIME        main.o
    0x080035b6   0x080035b6   0x0000002a   Code   RO          212    i.READ_SENSORS      main.o
    0x080035e0   0x080035e0   0x00000064   Code   RO          213    i.REQUEST_ESP_STATUS  main.o
    0x08003644   0x08003644   0x00000068   Code   RO          214    i.REQUEST_TIME_NTP  main.o
    0x080036ac   0x080036ac   0x00000078   Code   RO          215    i.REQUEST_UPDATE_DATA  main.o
    0x08003724   0x08003724   0x0000000c   Code   RO            9    i.RTC_Alarm_IRQHandler  stm32f1xx_it.o
    0x08003730   0x08003730   0x00000012   Code   RO          799    i.RTC_Bcd2ToByte    stm32f1xx_hal_rtc.o
    0x08003742   0x08003742   0x00000016   Code   RO          800    i.RTC_ByteToBcd2    stm32f1xx_hal_rtc.o
    0x08003758   0x08003758   0x000000ae   Code   RO          801    i.RTC_DateUpdate    stm32f1xx_hal_rtc.o
    0x08003806   0x08003806   0x00000034   Code   RO          802    i.RTC_EnterInitMode  stm32f1xx_hal_rtc.o
    0x0800383a   0x0800383a   0x00000002   PAD
    0x0800383c   0x0800383c   0x00000036   Code   RO          803    i.RTC_ExitInitMode  stm32f1xx_hal_rtc.o
    0x08003872   0x08003872   0x0000000e   Code   RO          804    i.RTC_ReadAlarmCounter  stm32f1xx_hal_rtc.o
    0x08003880   0x08003880   0x00000020   Code   RO          805    i.RTC_ReadTimeCounter  stm32f1xx_hal_rtc.o
    0x080038a0   0x080038a0   0x00000056   Code   RO          806    i.RTC_WeekDayNum    stm32f1xx_hal_rtc.o
    0x080038f6   0x080038f6   0x00000028   Code   RO          807    i.RTC_WriteAlarmCounter  stm32f1xx_hal_rtc.o
    0x0800391e   0x0800391e   0x00000028   Code   RO          808    i.RTC_WriteTimeCounter  stm32f1xx_hal_rtc.o
    0x08003946   0x08003946   0x00000002   PAD
    0x08003948   0x08003948   0x00000068   Code   RO          216    i.SDS011_USER_READ  main.o
    0x080039b0   0x080039b0   0x00000060   Code   RO          217    i.SEND_COMMAND_AUTO  main.o
    0x08003a10   0x08003a10   0x00000058   Code   RO          218    i.SEND_COMMAND_MANUAL  main.o
    0x08003a68   0x08003a68   0x000000cc   Code   RO          219    i.SEND_DATA_THINGSPEAK  main.o
    0x08003b34   0x08003b34   0x00000104   Code   RO          220    i.SET_DATE_TIME_FROM_NTP  main.o
    0x08003c38   0x08003c38   0x0000000e   Code   RO           10    i.SysTick_Handler   stm32f1xx_it.o
    0x08003c46   0x08003c46   0x00000068   Code   RO          221    i.SystemClock_Config  main.o
    0x08003cae   0x08003cae   0x00000002   PAD
    0x08003cb0   0x08003cb0   0x00000048   Code   RO          746    i.SystemInit        system_stm32f1xx.o
    0x08003cf8   0x08003cf8   0x0000000c   Code   RO           11    i.TIM3_IRQHandler   stm32f1xx_it.o
    0x08003d04   0x08003d04   0x00000064   Code   RO         1377    i.TIM_Base_SetConfig  stm32f1xx_hal_tim.o
    0x08003d68   0x08003d68   0x00000014   Code   RO         1384    i.TIM_ETR_SetConfig  stm32f1xx_hal_tim.o
    0x08003d7c   0x08003d7c   0x00000010   Code   RO         1385    i.TIM_ITRx_SetConfig  stm32f1xx_hal_tim.o
    0x08003d8c   0x08003d8c   0x00000022   Code   RO         1391    i.TIM_TI1_ConfigInputStage  stm32f1xx_hal_tim.o
    0x08003dae   0x08003dae   0x00000024   Code   RO         1393    i.TIM_TI2_ConfigInputStage  stm32f1xx_hal_tim.o
    0x08003dd2   0x08003dd2   0x00000002   PAD
    0x08003dd4   0x08003dd4   0x000000a8   Code   RO          986    i.UART_Receive_IT   stm32f1xx_hal_uart.o
    0x08003e7c   0x08003e7c   0x000000e0   Code   RO          987    i.UART_SetConfig    stm32f1xx_hal_uart.o
    0x08003f5c   0x08003f5c   0x00000066   Code   RO          988    i.UART_Transmit_IT  stm32f1xx_hal_uart.o
    0x08003fc2   0x08003fc2   0x00000092   Code   RO          989    i.UART_WaitOnFlagUntilTimeout  stm32f1xx_hal_uart.o
    0x08004054   0x08004054   0x0000000c   Code   RO           12    i.USART1_IRQHandler  stm32f1xx_it.o
    0x08004060   0x08004060   0x0000000c   Code   RO           13    i.USART2_IRQHandler  stm32f1xx_it.o
    0x0800406c   0x0800406c   0x0000000c   Code   RO           14    i.USART3_IRQHandler  stm32f1xx_it.o
    0x08004078   0x08004078   0x0000000e   Code   RO          222    i.USER_ATOI         main.o
    0x08004086   0x08004086   0x00000004   Code   RO          223    i.USER_DELAY        main.o
    0x0800408a   0x0800408a   0x00000008   Code   RO          224    i.USER_MAX          main.o
    0x08004092   0x08004092   0x00000008   Code   RO          225    i.USER_MIN          main.o
    0x0800409a   0x0800409a   0x00000002   PAD
    0x0800409c   0x0800409c   0x00000028   Code   RO          226    i.USER_READ         main.o
    0x080040c4   0x080040c4   0x0000002a   Code   RO          227    i.USER_ROUND        main.o
    0x080040ee   0x080040ee   0x00000002   PAD
    0x080040f0   0x080040f0   0x00000028   Code   RO          228    i.USER_WRITE        main.o
    0x08004118   0x08004118   0x00000002   Code   RO           15    i.UsageFault_Handler  stm32f1xx_it.o
    0x0800411a   0x0800411a   0x00000002   PAD
    0x0800411c   0x0800411c   0x0000006c   Code   RO          229    i.WRITE_CONFIG      main.o
    0x08004188   0x08004188   0x00000020   Code   RO         3707    i.__0printf$3       mc_w.l(printf3.o)
    0x080041a8   0x080041a8   0x00000028   Code   RO         3709    i.__0sprintf$3      mc_w.l(printf3.o)
    0x080041d0   0x080041d0   0x00000028   Code   RO         3929    i.__ARM_fpclassify  m_ws.l(fpclassify.o)
    0x080041f8   0x080041f8   0x000000aa   Code   RO         3931    i.__kernel_poly     m_ws.l(poly.o)
    0x080042a2   0x080042a2   0x00000002   PAD
    0x080042a4   0x080042a4   0x00000010   Code   RO         3915    i.__mathlib_dbl_divzero  m_ws.l(dunder.o)
    0x080042b4   0x080042b4   0x00000004   Code   RO         3917    i.__mathlib_dbl_infnan2  m_ws.l(dunder.o)
    0x080042b8   0x080042b8   0x0000000c   Code   RO         3918    i.__mathlib_dbl_invalid  m_ws.l(dunder.o)
    0x080042c4   0x080042c4   0x0000000e   Code   RO         3919    i.__mathlib_dbl_overflow  m_ws.l(dunder.o)
    0x080042d2   0x080042d2   0x00000002   PAD
    0x080042d4   0x080042d4   0x00000010   Code   RO         3921    i.__mathlib_dbl_underflow  m_ws.l(dunder.o)
    0x080042e4   0x080042e4   0x0000000e   Code   RO         3987    i.__scatterload_copy  mc_w.l(handlers.o)
    0x080042f2   0x080042f2   0x00000002   Code   RO         3988    i.__scatterload_null  mc_w.l(handlers.o)
    0x080042f4   0x080042f4   0x0000000e   Code   RO         3989    i.__scatterload_zeroinit  mc_w.l(handlers.o)
    0x08004302   0x08004302   0x00000002   PAD
    0x08004304   0x08004304   0x0000000c   Code   RO         3969    i.__set_errno       mc_w.l(errno.o)
    0x08004310   0x08004310   0x000001b8   Code   RO         3714    i._printf_core      mc_w.l(printf3.o)
    0x080044c8   0x080044c8   0x0000000a   Code   RO         3716    i._sputc            mc_w.l(printf3.o)
    0x080044d2   0x080044d2   0x0000000c   Code   RO          549    i.are_settings_changed  bme280.o
    0x080044de   0x080044de   0x00000062   Code   RO          551    i.bme280_compensate_data  bme280.o
    0x08004540   0x08004540   0x00000038   Code   RO          552    i.bme280_get_regs   bme280.o
    0x08004578   0x08004578   0x00000050   Code   RO          553    i.bme280_get_sensor_data  bme280.o
    0x080045c8   0x080045c8   0x00000026   Code   RO          554    i.bme280_get_sensor_mode  bme280.o
    0x080045ee   0x080045ee   0x00000056   Code   RO          556    i.bme280_init       bme280.o
    0x08004644   0x08004644   0x00000032   Code   RO          557    i.bme280_parse_sensor_data  bme280.o
    0x08004676   0x08004676   0x00000096   Code   RO          558    i.bme280_set_regs   bme280.o
    0x0800470c   0x0800470c   0x0000005a   Code   RO          559    i.bme280_set_sensor_mode  bme280.o
    0x08004766   0x08004766   0x00000062   Code   RO          560    i.bme280_set_sensor_settings  bme280.o
    0x080047c8   0x080047c8   0x00000064   Code   RO          561    i.bme280_soft_reset  bme280.o
    0x0800482c   0x0800482c   0x00000154   Code   RO          562    i.compensate_humidity  bme280.o
    0x08004980   0x08004980   0x00000218   Code   RO          563    i.compensate_pressure  bme280.o
    0x08004b98   0x08004b98   0x00000108   Code   RO          564    i.compensate_temperature  bme280.o
    0x08004ca0   0x08004ca0   0x00000018   Code   RO          230    i.fputc             main.o
    0x08004cb8   0x08004cb8   0x000001c4   Code   RO          231    i.getAqi            main.o
    0x08004e7c   0x08004e7c   0x000000be   Code   RO          565    i.get_calib_data    bme280.o
    0x08004f3a   0x08004f3a   0x00000002   PAD
    0x08004f3c   0x08004f3c   0x00000410   Code   RO          232    i.main              main.o
    0x0800534c   0x0800534c   0x00000018   Code   RO          566    i.null_ptr_check    bme280.o
    0x08005364   0x08005364   0x00000026   Code   RO          567    i.parse_device_settings  bme280.o
    0x0800538a   0x0800538a   0x00000002   PAD
    0x0800538c   0x0800538c   0x000009d8   Code   RO         3596    i.pow               m_ws.l(pow.o)
    0x08005d64   0x08005d64   0x00000042   Code   RO          568    i.put_device_to_sleep  bme280.o
    0x08005da6   0x08005da6   0x0000004e   Code   RO          569    i.set_filter_standby_settings  bme280.o
    0x08005df4   0x08005df4   0x00000098   Code   RO          570    i.set_osr_settings  bme280.o
    0x08005e8c   0x08005e8c   0x0000004c   Code   RO         3935    i.sqrt              m_ws.l(sqrt.o)
    0x08005ed8   0x08005ed8   0x00000010   Data   RO         2106    .constdata          stm32f1xx_hal_rcc.o
    0x08005ee8   0x08005ee8   0x00000088   Data   RO         3597    .constdata          m_ws.l(pow.o)
    0x08005f70   0x08005f70   0x00000008   Data   RO         3933    .constdata          m_ws.l(qnan.o)
    0x08005f78   0x08005f78   0x000000ac   Data   RO          236    .conststring        main.o
    0x08006024   0x08006024   0x00000020   Data   RO         3985    Region$$Table       anon$$obj.o


    Execution Region RW_IRAM1 (Exec base: 0x20000000, Load base: 0x08006044, Size: 0x00000b08, Max: 0x00005000, ABSOLUTE)

    Exec Addr    Load Addr    Size         Type   Attr      Idx    E Section Name        Object

    0x20000000   0x08006044   0x000000c0   Data   RW          237    .data               main.o
    0x200000c0   0x08006104   0x00000004   Data   RW          748    .data               system_stm32f1xx.o
    0x200000c4   0x08006108   0x00000004   Data   RW         1977    .data               stm32f1xx_hal.o
    0x200000c8   0x0800610c   0x00000001   Data   RW         3322    .data               stm32f1xx_hal_spi_ex.o
    0x200000c9   0x0800610d   0x00000003   PAD
    0x200000cc   0x08006110   0x00000004   Data   RW         3958    .data               mc_w.l(stdout.o)
    0x200000d0   0x08006114   0x00000004   Data   RW         3970    .data               mc_w.l(errno.o)
    0x200000d4   0x08006118   0x00000004   PAD
    0x200000d8        -       0x0000062e   Zero   RW          233    .bss                main.o
    0x20000706   0x08006118   0x00000002   PAD
    0x20000708        -       0x00000400   Zero   RW          735    STACK               startup_stm32f103xb.o


==============================================================================

Image component sizes


      Code (inc. data)   RO Data    RW Data    ZI Data      Debug   Object Name

      2546         48          0          0          0      21494   bme280.o
      5202        654        172        192       1582      36339   main.o
        36          8        236          0       1024        768   startup_stm32f103xb.o
       120         16          0          4          0       3590   stm32f1xx_hal.o
       228         14          0          0          0      27369   stm32f1xx_hal_cortex.o
       454         36          0          0          0       3044   stm32f1xx_hal_gpio.o
      1820         30          0          0          0      10798   stm32f1xx_hal_i2c.o
       664         86          0          0          0       4130   stm32f1xx_hal_msp.o
        24          4          0          0          0        511   stm32f1xx_hal_pwr.o
      2510         86         16          0          0       6156   stm32f1xx_hal_rcc.o
       536         46          0          0          0       2489   stm32f1xx_hal_rcc_ex.o
      1466         20          0          0          0      13808   stm32f1xx_hal_rtc.o
       136          4          0          1          0       1350   stm32f1xx_hal_spi_ex.o
       892         14          0          0          0       9375   stm32f1xx_hal_tim.o
        84          0          0          0          0       2318   stm32f1xx_hal_tim_ex.o
      1266          4          0          0          0       8163   stm32f1xx_hal_uart.o
        86         30          0          0          0     278372   stm32f1xx_it.o
        72         16          0          4          0       1325   system_stm32f1xx.o

    ----------------------------------------------------------------------
     18176       1116        456        204       2608     431399   Object Totals
         0          0         32          0          0          0   (incl. Generated)
        34          0          0          3          2          0   (incl. Padding)

    ----------------------------------------------------------------------

      Code (inc. data)   RO Data    RW Data    ZI Data      Debug   Library Member Name

        62         10          0          0          0        340   dunder.o
        40          0          0          0          0         68   fpclassify.o
       170          0          0          0          0         96   poly.o
      2520        190        136          0          0        324   pow.o
         0          0          8          0          0          0   qnan.o
        76          0          0          0          0         84   sqrt.o
         0          0          0          0          0          0   entry.o
         0          0          0          0          0          0   entry10a.o
         0          0          0          0          0          0   entry11a.o
         4          0          0          0          0          0   entry12b.o
         8          4          0          0          0          0   entry2.o
         4          0          0          0          0          0   entry5.o
         0          0          0          0          0          0   entry7b.o
         0          0          0          0          0          0   entry8b.o
         8          4          0          0          0          0   entry9a.o
        12          6          0          4          0         68   errno.o
        30          0          0          0          0          0   handlers.o
        36          8          0          0          0         68   init.o
         0          0          0          0          0          0   iusefp.o
        30          0          0          0          0         68   llshl.o
        36          0          0          0          0         68   llsshr.o
        32          0          0          0          0         68   llushr.o
        36          0          0          0          0         68   memcpya.o
        36          0          0          0          0        108   memseta.o
       522         20          0          0          0        336   printf3.o
         0          0          0          4          0          0   stdout.o
        24          0          0          0          0         68   strcat.o
        44          0          0          0          0         80   uidiv.o
        48          0          0          0          0         68   cdcmple.o
        48          0          0          0          0         68   cdrcmple.o
        56          0          0          0          0         88   d2f.o
       334          0          0          0          0        148   dadd.o
       222          0          0          0          0        100   ddiv.o
       186          0          0          0          0        176   depilogue.o
        62          0          0          0          0         80   dfixi.o
        50          0          0          0          0         76   dfixui.o
        34          0          0          0          0         76   dflti.o
        26          0          0          0          0         76   dfltui.o
       228          0          0          0          0         96   dmul.o
        46          0          0          0          0         80   dscalb.o
       162          0          0          0          0        100   dsqrt.o
       176          0          0          0          0        140   fadd.o
       124          0          0          0          0         88   fdiv.o
       110          0          0          0          0        168   fepilogue.o
        50          0          0          0          0         68   ffixi.o
        40          0          0          0          0         68   ffixui.o
        18          0          0          0          0         68   fflti.o
        10          0          0          0          0         68   ffltui.o
       100          0          0          0          0         76   fmul.o

    ----------------------------------------------------------------------
      5868        242        144          8          4       3888   Library Totals
         8          0          0          0          4          0   (incl. Padding)

    ----------------------------------------------------------------------

      Code (inc. data)   RO Data    RW Data    ZI Data      Debug   Library Name

      2868        200        144          0          0        912   m_ws.l
       862         42          0          8          0       1000   mc_w.l
      2130          0          0          0          0       1976   mf_w.l

    ----------------------------------------------------------------------
      5868        242        144          8          4       3888   Library Totals

    ----------------------------------------------------------------------

==============================================================================


      Code (inc. data)   RO Data    RW Data    ZI Data      Debug   

     24044       1358        600        212       2612     425299   Grand Totals
     24044       1358        600        212       2612     425299   ELF Image Totals
     24044       1358        600        212          0          0   ROM Totals

==============================================================================

    Total RO  Size (Code + RO Data)                24644 (  24.07kB)
    Total RW  Size (RW Data + ZI Data)              2824 (   2.76kB)
    Total ROM Size (Code + RO Data + RW Data)      24856 (  24.27kB)

==============================================================================

